Archive member included because of file (symbol)

contiki-z1.a(rimeaddr.o)      obj_z1/contiki-z1-main.o (rimeaddr_copy)
contiki-z1.a(rime.o)          obj_z1/contiki-z1-main.o (rime_driver)
contiki-z1.a(rimestats.o)     contiki-z1.a(rime.o) (rimestats)
contiki-z1.a(announcement.o)  contiki-z1.a(rime.o) (announcement_init)
contiki-z1.a(broadcast-annou)
                              contiki-z1.a(rime.o) (broadcast_announcement_init)
contiki-z1.a(broadcast.o)     sensor_root.co (broadcast_open)
contiki-z1.a(runicast.o)      sensor_root.co (runicast_open)
contiki-z1.a(abc.o)           contiki-z1.a(broadcast.o) (abc_open)
contiki-z1.a(chameleon.o)     contiki-z1.a(rime.o) (chameleon_init)
contiki-z1.a(channel.o)       contiki-z1.a(chameleon.o) (channel_init)
contiki-z1.a(chameleon-bitop)
                              contiki-z1.a(chameleon.o) (chameleon_bitopt)
contiki-z1.a(csma.o)          obj_z1/contiki-z1-main.o (csma_driver)
contiki-z1.a(contikimac.o)    obj_z1/contiki-z1-main.o (contikimac_driver)
contiki-z1.a(phase.o)         contiki-z1.a(contikimac.o) (phase_update)
contiki-z1.a(process.o)       obj_z1/contiki-z1-main.o (process_init)
contiki-z1.a(autostart.o)     obj_z1/contiki-z1-main.o (autostart_start)
contiki-z1.a(compower.o)      contiki-z1.a(contikimac.o) (compower_idle_activity)
contiki-z1.a(serial-line.o)   obj_z1/contiki-z1-main.o (serial_line_input_byte)
contiki-z1.a(memb.o)          contiki-z1.a(csma.o) (memb_init)
contiki-z1.a(timer.o)         contiki-z1.a(phase.o) (timer_set)
contiki-z1.a(list.o)          contiki-z1.a(announcement.o) (list_init)
contiki-z1.a(etimer.o)        obj_z1/contiki-z1-main.o (etimer_process)
contiki-z1.a(ctimer.o)        obj_z1/contiki-z1-main.o (ctimer_init)
contiki-z1.a(energest.o)      obj_z1/contiki-z1-main.o (energest_init)
contiki-z1.a(rtimer.o)        obj_z1/contiki-z1-main.o (rtimer_init)
contiki-z1.a(random.o)        sensor_root.co (random_rand)
contiki-z1.a(ringbuf.o)       contiki-z1.a(serial-line.o) (ringbuf_init)
contiki-z1.a(nbr-table.o)     contiki-z1.a(phase.o) (nbr_table_register)
contiki-z1.a(packetbuf.o)     contiki-z1.a(contikimac.o) (packetbuf_hdr_remove)
contiki-z1.a(queuebuf.o)      contiki-z1.a(rime.o) (queuebuf_init)
contiki-z1.a(contiki-z1-plat)
                              obj_z1/contiki-z1-main.o (init_platform)
contiki-z1.a(msp430.o)        obj_z1/contiki-z1-main.o (msp430_cpu_init)
contiki-z1.a(leds.o)          obj_z1/contiki-z1-main.o (leds_init)
contiki-z1.a(watchdog.o)      obj_z1/contiki-z1-main.o (watchdog_start)
contiki-z1.a(xmem.o)          obj_z1/contiki-z1-main.o (xmem_init)
contiki-z1.a(spi.o)           contiki-z1.a(xmem.o) (spi_init)
contiki-z1.a(cc2420.o)        obj_z1/contiki-z1-main.o (cc2420_set_channel)
contiki-z1.a(cc2420-arch.o)   contiki-z1.a(cc2420.o) (cc2420_arch_init)
contiki-z1.a(node-id.o)       obj_z1/contiki-z1-main.o (node_id_restore)
contiki-z1.a(sensors.o)       contiki-z1.a(contiki-z1-plat) (sensors_process)
contiki-z1.a(button-sensor.o)
                              obj_z1/contiki-z1-main.o (button_sensor)
contiki-z1.a(uart0.o)         obj_z1/contiki-z1-main.o (uart0_active)
contiki-z1.a(uart0-putchar.o)
                              obj_z1/contiki-z1-main.o (putchar)
contiki-z1.a(adxl345.o)       obj_z1/contiki-z1-main.o (accm_init)
contiki-z1.a(clock.o)         contiki-z1.a(timer.o) (clock_time)
contiki-z1.a(leds-arch.o)     contiki-z1.a(leds.o) (leds_arch_init)
contiki-z1.a(rtimer-arch.o)   contiki-z1.a(rtimer.o) (rtimer_arch_init)
contiki-z1.a(stunicast.o)     contiki-z1.a(runicast.o) (stunicast_open)
contiki-z1.a(mac.o)           contiki-z1.a(csma.o) (mac_call_sent_callback)
contiki-z1.a(framer-802154.o)
                              contiki-z1.a(contikimac.o) (framer_802154)
contiki-z1.a(i2cmaster.o)     contiki-z1.a(adxl345.o) (i2c_receiveinit)
contiki-z1.a(unicast.o)       contiki-z1.a(stunicast.o) (unicast_open)
contiki-z1.a(frame802154.o)   contiki-z1.a(framer-802154.o) (frame802154_hdrlen)
/usr/local/msp430/bin/../lib/gcc/msp430/4.7.0/mcpu-430x/mmpy-16/libgcc.a(_mulsi3.o)
                              contiki-z1.a(csma.o) (__mulsi3)
/usr/local/msp430/bin/../lib/gcc/msp430/4.7.0/mcpu-430x/mmpy-16/libgcc.a(_udivmod16.o)
                              sensor_root.co (__umodhi3)
/usr/local/msp430/bin/../lib/gcc/msp430/4.7.0/mcpu-430x/mmpy-16/libgcc.a(_divmod16.o)
                              contiki-z1.a(nbr-table.o) (__divhi3)
/usr/local/msp430/bin/../lib/gcc/msp430/4.7.0/mcpu-430x/mmpy-16/libgcc.a(_udivmod32.o)
                              obj_z1/contiki-z1-main.o (__udivsi3)
/usr/local/msp430/bin/../lib/gcc/msp430/4.7.0/../../../../msp430/lib/mcpu-430x/mmpy-16/libc.a(malloc.o)
                              sensor_root.co (malloc)
/usr/local/msp430/bin/../lib/gcc/msp430/4.7.0/../../../../msp430/lib/mcpu-430x/mmpy-16/libc.a(printf.o)
                              sensor_root.co (printf)
/usr/local/msp430/bin/../lib/gcc/msp430/4.7.0/../../../../msp430/lib/mcpu-430x/mmpy-16/libc.a(vuprintf.o)
[...]
Memory Configuration

Name             Origin             Length             Attributes
sfr              0x00000000         0x00000010
peripheral_8bit  0x00000010         0x000000f0
peripheral_16bit 0x00000100         0x00000100
ram_mirror       0x00000200         0x00000800         xw
infomem          0x00001000         0x00000100
infod            0x00001000         0x00000040
infoc            0x00001040         0x00000040
infob            0x00001080         0x00000040
infoa            0x000010c0         0x00000040
ram              0x00001100         0x00002000         xw
rom              0x00003100         0x0000cebe         xr
vectors          0x0000ffc0         0x00000040
far_rom          0x00010000         0x0000a000
bsl              0x00000000         0x00000000
ram2             0x00000000         0x00000000         xw
usbram           0x00000000         0x00000000         xw
*default*        0x00000000         0xffffffff

Linker script and memory map

LOAD /usr/local/msp430/bin/../lib/gcc/msp430/4.7.0/mcpu-430x/mmpy-16/crt0ivtbl32.o
                0x00000041                __P1SEL2 = 0x41
                0x00000045                __P5SEL2 = 0x45
LOAD sensor_root.co
LOAD obj_z1/message.o
LOAD obj_z1/node.o
LOAD obj_z1/contiki-z1-main.o
LOAD contiki-z1.a
LOAD /usr/local/msp430/bin/../lib/gcc/msp430/4.7.0/mcpu-430x/mmpy-16/libgcc.a
LOAD /usr/local/msp430/bin/../lib/gcc/msp430/4.7.0/../../../../msp430/lib/mcpu-430x/mmpy-16/libc.a
LOAD /usr/local/msp430/bin/../lib/gcc/msp430/4.7.0/mcpu-430x/mmpy-16/libgcc.a
LOAD /usr/local/msp430/bin/../lib/gcc/msp430/4.7.0/mcpu-430x/mmpy-16/libcrt0.a
                0x00000040                PROVIDE (__info_segment_size, 0x40)
                0x00001000                PROVIDE (__infod, 0x1000)
                0x00001040                PROVIDE (__infoc, 0x1040)
                0x00001080                PROVIDE (__infob, 0x1080)
                0x000010c0                PROVIDE (__infoa, 0x10c0)
                0x00000000                __IE1 = 0x0
                0x00000002                __IFG1 = 0x2
                0x00000001                __IE2 = 0x1
                0x00000003                __IFG2 = 0x3
                0x00000006                __UC1IE = 0x6
                0x00000007                __UC1IFG = 0x7
                0x000001a0                __ADC12CTL0 = 0x1a0
                0x000001a2                __ADC12CTL1 = 0x1a2
                0x000001a4                __ADC12IFG = 0x1a4
                0x000001a6                __ADC12IE = 0x1a6
                0x000001a8                __ADC12IV = 0x1a8
                0x00000140                __ADC12MEM0 = 0x140
                0x00000142                __ADC12MEM1 = 0x142
                0x00000144                __ADC12MEM2 = 0x144
                0x00000146                __ADC12MEM3 = 0x146
                0x00000148                __ADC12MEM4 = 0x148
                0x0000014a                __ADC12MEM5 = 0x14a
                0x0000014c                __ADC12MEM6 = 0x14c
                0x0000014e                __ADC12MEM7 = 0x14e
                0x00000150                __ADC12MEM8 = 0x150
                0x00000152                __ADC12MEM9 = 0x152
                0x00000154                __ADC12MEM10 = 0x154
                0x00000156                __ADC12MEM11 = 0x156
                0x00000158                __ADC12MEM12 = 0x158
                0x0000015a                __ADC12MEM13 = 0x15a
                0x0000015c                __ADC12MEM14 = 0x15c
                0x0000015e                __ADC12MEM15 = 0x15e
                0x00000080                __ADC12MCTL0 = 0x80
                0x00000081                __ADC12MCTL1 = 0x81
                0x00000082                __ADC12MCTL2 = 0x82
                0x00000083                __ADC12MCTL3 = 0x83
                0x00000084                __ADC12MCTL4 = 0x84
                0x00000085                __ADC12MCTL5 = 0x85
                0x00000086                __ADC12MCTL6 = 0x86
                0x00000087                __ADC12MCTL7 = 0x87
                0x00000088                __ADC12MCTL8 = 0x88
                0x00000089                __ADC12MCTL9 = 0x89
                0x0000008a                __ADC12MCTL10 = 0x8a
                0x0000008b                __ADC12MCTL11 = 0x8b
                0x0000008c                __ADC12MCTL12 = 0x8c
                0x0000008d                __ADC12MCTL13 = 0x8d
                0x0000008e                __ADC12MCTL14 = 0x8e
                0x0000008f                __ADC12MCTL15 = 0x8f
                0x00000056                __DCOCTL = 0x56
                0x00000057                __BCSCTL1 = 0x57
                0x00000058                __BCSCTL2 = 0x58
                0x00000053                __BCSCTL3 = 0x53
                0x00000059                __CACTL1 = 0x59
                0x0000005a                __CACTL2 = 0x5a
                0x0000005b                __CAPD = 0x5b
                0x000001c0                __DAC12_0CTL = 0x1c0
                0x000001c2                __DAC12_1CTL = 0x1c2
                0x000001c8                __DAC12_0DAT = 0x1c8
                0x000001ca                __DAC12_1DAT = 0x1ca
                0x00000122                __DMACTL0 = 0x122
                0x00000124                __DMACTL1 = 0x124
                0x00000126                __DMAIV = 0x126
                0x000001d0                __DMA0CTL = 0x1d0
                0x000001dc                __DMA1CTL = 0x1dc
                0x000001e8                __DMA2CTL = 0x1e8
                0x000001d2                __DMA0SA = 0x1d2
                0x000001d2                __DMA0SAL = 0x1d2
                0x000001d6                __DMA0DA = 0x1d6
                0x000001d6                __DMA0DAL = 0x1d6
                0x000001da                __DMA0SZ = 0x1da
                0x000001de                __DMA1SA = 0x1de
                0x000001de                __DMA1SAL = 0x1de
                0x000001e2                __DMA1DA = 0x1e2
                0x000001e2                __DMA1DAL = 0x1e2
                0x000001e6                __DMA1SZ = 0x1e6
                0x000001ea                __DMA2SA = 0x1ea
                0x000001ea                __DMA2SAL = 0x1ea
                0x000001ee                __DMA2DA = 0x1ee
                0x000001ee                __DMA2DAL = 0x1ee
                0x000001f2                __DMA2SZ = 0x1f2
                0x00000128                __FCTL1 = 0x128
                0x0000012a                __FCTL2 = 0x12a
                0x0000012c                __FCTL3 = 0x12c
                0x000001be                __FCTL4 = 0x1be
                0x00000130                __MPY = 0x130
                0x00000132                __MPYS = 0x132
                0x00000134                __MAC = 0x134
                0x00000136                __MACS = 0x136
                0x00000138                __OP2 = 0x138
                0x0000013a                __RESLO = 0x13a
                0x0000013c                __RESHI = 0x13c
                0x0000013e                __SUMEXT = 0x13e
                0x00000020                __P1IN = 0x20
                0x00000021                __P1OUT = 0x21
                0x00000022                __P1DIR = 0x22
                0x00000023                __P1IFG = 0x23
                0x00000024                __P1IES = 0x24
                0x00000025                __P1IE = 0x25
                0x00000026                __P1SEL = 0x26
                0x00000027                __P1REN = 0x27
                0x00000028                __P2IN = 0x28
                0x00000029                __P2OUT = 0x29
                0x0000002a                __P2DIR = 0x2a
                0x0000002b                __P2IFG = 0x2b
                0x0000002c                __P2IES = 0x2c
                0x0000002d                __P2IE = 0x2d
                0x0000002e                __P2SEL = 0x2e
                0x0000002f                __P2REN = 0x2f
                0x00000018                __P3IN = 0x18
                0x00000019                __P3OUT = 0x19
                0x0000001a                __P3DIR = 0x1a
                0x0000001b                __P3SEL = 0x1b
                0x00000010                __P3REN = 0x10
                0x0000001c                __P4IN = 0x1c
                0x0000001d                __P4OUT = 0x1d
                0x0000001e                __P4DIR = 0x1e
                0x0000001f                __P4SEL = 0x1f
                0x00000011                __P4REN = 0x11
                0x00000030                __P5IN = 0x30
                0x00000031                __P5OUT = 0x31
                0x00000032                __P5DIR = 0x32
                0x00000033                __P5SEL = 0x33
                0x00000012                __P5REN = 0x12
                0x00000034                __P6IN = 0x34
                0x00000035                __P6OUT = 0x35
                0x00000036                __P6DIR = 0x36
                0x00000037                __P6SEL = 0x37
                0x00000013                __P6REN = 0x13
                0x00000038                __P7IN = 0x38
                0x0000003a                __P7OUT = 0x3a
                0x0000003c                __P7DIR = 0x3c
                0x0000003e                __P7SEL = 0x3e
                0x00000014                __P7REN = 0x14
                0x00000039                __P8IN = 0x39
                0x0000003b                __P8OUT = 0x3b
                0x0000003d                __P8DIR = 0x3d
                0x0000003f                __P8SEL = 0x3f
                0x00000015                __P8REN = 0x15
                0x00000038                __PAIN = 0x38
                0x0000003a                __PAOUT = 0x3a
                0x0000003c                __PADIR = 0x3c
                0x0000003e                __PASEL = 0x3e
                0x00000014                __PAREN = 0x14
                0x00000055                __SVSCTL = 0x55
                0x0000012e                __TAIV = 0x12e
                0x00000160                __TACTL = 0x160
                0x00000162                __TACCTL0 = 0x162
                0x00000164                __TACCTL1 = 0x164
                0x00000166                __TACCTL2 = 0x166
                0x00000170                __TAR = 0x170
                0x00000172                __TACCR0 = 0x172
                0x00000174                __TACCR1 = 0x174
                0x00000176                __TACCR2 = 0x176
                0x0000011e                __TBIV = 0x11e
                0x00000180                __TBCTL = 0x180
                0x00000182                __TBCCTL0 = 0x182
                0x00000184                __TBCCTL1 = 0x184
                0x00000186                __TBCCTL2 = 0x186
                0x00000188                __TBCCTL3 = 0x188
                0x0000018a                __TBCCTL4 = 0x18a
                0x0000018c                __TBCCTL5 = 0x18c
                0x0000018e                __TBCCTL6 = 0x18e
                0x00000190                __TBR = 0x190
                0x00000192                __TBCCR0 = 0x192
                0x00000194                __TBCCR1 = 0x194
                0x00000196                __TBCCR2 = 0x196
                0x00000198                __TBCCR3 = 0x198
                0x0000019a                __TBCCR4 = 0x19a
                0x0000019c                __TBCCR5 = 0x19c
                0x0000019e                __TBCCR6 = 0x19e
                0x00000060                __UCA0CTL0 = 0x60
                0x00000061                __UCA0CTL1 = 0x61
                0x00000062                __UCA0BR0 = 0x62
                0x00000063                __UCA0BR1 = 0x63
                0x00000064                __UCA0MCTL = 0x64
                0x00000065                __UCA0STAT = 0x65
                0x00000066                __UCA0RXBUF = 0x66
                0x00000067                __UCA0TXBUF = 0x67
                0x0000005d                __UCA0ABCTL = 0x5d
                0x0000005e                __UCA0IRTCTL = 0x5e
                0x0000005f                __UCA0IRRCTL = 0x5f
                0x00000068                __UCB0CTL0 = 0x68
                0x00000069                __UCB0CTL1 = 0x69
                0x0000006a                __UCB0BR0 = 0x6a
                0x0000006b                __UCB0BR1 = 0x6b
                0x0000006c                __UCB0I2CIE = 0x6c
                0x0000006d                __UCB0STAT = 0x6d
                0x0000006e                __UCB0RXBUF = 0x6e
                0x0000006f                __UCB0TXBUF = 0x6f
                0x00000118                __UCB0I2COA = 0x118
                0x0000011a                __UCB0I2CSA = 0x11a
                0x000000d0                __UCA1CTL0 = 0xd0
                0x000000d1                __UCA1CTL1 = 0xd1
                0x000000d2                __UCA1BR0 = 0xd2
                0x000000d3                __UCA1BR1 = 0xd3
                0x000000d4                __UCA1MCTL = 0xd4
                0x000000d5                __UCA1STAT = 0xd5
                0x000000d6                __UCA1RXBUF = 0xd6
                0x000000d7                __UCA1TXBUF = 0xd7
                0x000000cd                __UCA1ABCTL = 0xcd
                0x000000ce                __UCA1IRTCTL = 0xce
                0x000000cf                __UCA1IRRCTL = 0xcf
                0x000000d8                __UCB1CTL0 = 0xd8
                0x000000d9                __UCB1CTL1 = 0xd9
                0x000000da                __UCB1BR0 = 0xda
                0x000000db                __UCB1BR1 = 0xdb
                0x000000dc                __UCB1I2CIE = 0xdc
                0x000000dd                __UCB1STAT = 0xdd
                0x000000de                __UCB1RXBUF = 0xde
                0x000000df                __UCB1TXBUF = 0xdf
                0x0000017c                __UCB1I2COA = 0x17c
                0x0000017e                __UCB1I2CSA = 0x17e
                0x00000120                __WDTCTL = 0x120
                0x000010c0                __TLV_CHECKSUM = 0x10c0
                0x000010f6                __TLV_DCO_30_TAG = 0x10f6
                0x000010f7                __TLV_DCO_30_LEN = 0x10f7
                0x000010da                __TLV_ADC12_1_TAG = 0x10da
                0x000010db                __TLV_ADC12_1_LEN = 0x10db
                0x000010f8                __CALDCO_16MHZ = 0x10f8
                0x000010f9                __CALBC1_16MHZ = 0x10f9
                0x000010fa                __CALDCO_12MHZ = 0x10fa
                0x000010fb                __CALBC1_12MHZ = 0x10fb
                0x000010fc                __CALDCO_8MHZ = 0x10fc
                0x000010fd                __CALBC1_8MHZ = 0x10fd
                0x000010fe                __CALDCO_1MHZ = 0x10fe
                0x000010ff                __CALBC1_1MHZ = 0x10ff

.hash
 *(.hash)

.dynsym
 *(.dynsym)

.dynstr
 *(.dynstr)

.gnu.version
 *(.gnu.version)

.gnu.version_d
 *(.gnu.version_d)

.gnu.version_r
 *(.gnu.version_r)

.rel.init
 *(.rel.init)

.rela.init
 *(.rela.init)

.rel.fini
 *(.rel.fini)

.rela.fini
 *(.rela.fini)

.rel.text
 *(.rel.text .rel.text.* .rel.gnu.linkonce.t.*)

.rela.text
 *(.rela.text .rela.text.* .rela.gnu.linkonce.t.*)

.rel.rodata
 *(.rel.rodata .rel.rodata.* .rel.gnu.linkonce.r.*)

.rela.rodata
 *(.rela.rodata .rela.rodata.* .rela.gnu.linkonce.r.*)

.rel.data
 *(.rel.data .rel.data.* .rel.gnu.linkonce.d.*)

.rela.data
 *(.rela.data .rela.data.* .rela.gnu.linkonce.d.*)

.rel.bss
 *(.rel.bss .rel.bss.* .rel.gnu.linkonce.b.*)

.rela.bss
 *(.rela.bss .rela.bss.* .rela.gnu.linkonce.b.*)

.rel.ctors
 *(.rel.ctors)

.rela.ctors
 *(.rela.ctors)

.rel.dtors
 *(.rel.dtors)

.rela.dtors
 *(.rela.dtors)

.rel.got
 *(.rel.got)

.rela.got
 *(.rela.got)

.rel.plt
 *(.rel.plt)

.rela.plt
 *(.rela.plt)

.text           0x00003100     0x62ac
                0x00003100                . = ALIGN (0x2)
 *(.init .init.*)
 *(.init0)
 .init0         0x00003100        0x0 /usr/local/msp430/bin/../lib/gcc/msp430/4.7.0/mcpu-430x/mmpy-16/libcrt0.a(_reset_vector__.o)
                0x00003100                _reset_vector__
 *(.init1)
 .init1         0x00003100        0xc /usr/local/msp430/bin/../lib/gcc/msp430/4.7.0/mcpu-430x/mmpy-16/libcrt0.a(__watchdog_support.o)
                0x00003100                __watchdog_support
 *(.init2)
 .init2         0x0000310c        0x4 /usr/local/msp430/bin/../lib/gcc/msp430/4.7.0/mcpu-430x/mmpy-16/libcrt0.a(__init_stack.o)
                0x0000310c                __init_stack
 *(.init3)
 .init3         0x00003110        0x0 /usr/local/msp430/bin/../lib/gcc/msp430/4.7.0/mcpu-430x/mmpy-16/libcrt0.a(__low_level_init.o)
                0x00003110                __low_level_init
 *(.init4)
 .init4         0x00003110       0x18 /usr/local/msp430/bin/../lib/gcc/msp430/4.7.0/mcpu-430x/mmpy-16/libcrt0.a(_copy_data.o)
                0x00003110                __do_copy_data
 .init4         0x00003128       0x16 /usr/local/msp430/bin/../lib/gcc/msp430/4.7.0/mcpu-430x/mmpy-16/libcrt0.a(_clear_bss.o)
                0x00003128                __do_clear_bss
 *(.init5)
 *(.init6)
 *(.init7)
 *(.init8)
 *(.init9)
 .init9         0x0000313e      0x302 obj_z1/contiki-z1-main.o
                0x0000313e                main
 *(.fini9)
 .fini9         0x00003440        0x0 /usr/local/msp430/bin/../lib/gcc/msp430/4.7.0/mcpu-430x/mmpy-16/libcrt0.a(__stop_progExec__.o)
                0x00003440                __stop_progExec__
 *(.fini8)
 *(.fini7)
 *(.fini6)
 *(.fini5)
 *(.fini4)
 *(.fini3)
 *(.fini2)
 *(.fini1)
 *(.fini0)
 .fini0         0x00003440        0x6 /usr/local/msp430/bin/../lib/gcc/msp430/4.7.0/mcpu-430x/mmpy-16/libcrt0.a(_endless_loop__.o)
                0x00003440                _endless_loop__
 *(.fini .fini.*)
                0x00003446                . = ALIGN (0x2)
                0x00003446                __ctors_start = .
 *(.ctors)
                0x00003446                __ctors_end = .
                0x00003446                __dtors_start = .
 *(.dtors)
                0x00003446                __dtors_end = .
                0x00003446                . = ALIGN (0x2)
 *(.text .text.* .gnu.linkonce.t.*)
 .text          0x00003446        0x4 /usr/local/msp430/bin/../lib/gcc/msp430/4.7.0/mcpu-430x/mmpy-16/crt0ivtbl32.o
                0x00003446                __isr_14
                0x00003446                __isr_4
                0x00003446                __isr_29
                0x00003446                __isr_11
                0x00003446                __isr_5
                0x00003446                __isr_2
                0x00003446                __isr_10
                0x00003446                __isr_7
                0x00003446                __isr_0
                0x00003446                __isr_28
                0x00003446                __isr_8
                0x00003446                __isr_20
                0x00003446                __isr_3
                0x00003446                __isr_12
                0x00003446                __isr_13
                0x00003446                __isr_27
                0x00003446                __isr_9
                0x00003446                __isr_30
                0x00003446                __isr_6
                0x00003446                __isr_22
                0x00003446                __isr_1
                0x00003446                __isr_15
                0x00003446                __isr_21
 .text.crt0     0x0000344a        0x0 /usr/local/msp430/bin/../lib/gcc/msp430/4.7.0/mcpu-430x/mmpy-16/crt0ivtbl32.o
 .text          0x0000344a      0x37c sensor_root.co
 .text          0x000037c6      0x1c8 obj_z1/message.o
                0x000037c6                encode_message
                0x00003842                decode_message
                0x00003942                free_message
 .text          0x0000398e       0xf8 obj_z1/node.o
                0x0000398e                add_node
                0x00003a16                remove_node
                0x00003a4a                remove_expired_nodes
                0x00003a76                get_node
 .text          0x00003a86        0x6 obj_z1/contiki-z1-main.o
                0x00003a86                uip_log
 .text          0x00003a8c       0x2a contiki-z1.a(rimeaddr.o)
                0x00003a8c                rimeaddr_copy
                0x00003a98                rimeaddr_cmp
                0x00003aaa                rimeaddr_set_node_addr
 .text          0x00003ab6       0xe8 contiki-z1.a(rime.o)
                0x00003b5a                rime_sniffer_add
                0x00003b66                rime_sniffer_remove
                0x00003b72                rime_output
 .text          0x00003b9e        0x0 contiki-z1.a(rimestats.o)
 .text          0x00003b9e      0x114 contiki-z1.a(announcement.o)
                0x00003b9e                announcement_init
                0x00003ba8                announcement_register
                0x00003be2                announcement_remove
                0x00003bee                announcement_remove_value
                0x00003c10                announcement_set_value
                0x00003c38                announcement_bump
                0x00003c5a                announcement_listen
                0x00003c66                announcement_register_listen_callback
                0x00003c6c                announcement_register_observer_callback
                0x00003c72                announcement_list
                0x00003c7c                announcement_heard
 .text          0x00003cb2      0x1bc contiki-z1.a(broadcast-annou)
                0x00003dfe                broadcast_announcement_init
                0x00003e42                broadcast_announcement_stop
                0x00003e64                broadcast_announcement_beacon_interval
 .text          0x00003e6e       0x78 contiki-z1.a(broadcast.o)
                0x00003ea4                broadcast_open
                0x00003ec6                broadcast_close
                0x00003ecc                broadcast_send
 .text          0x00003ee6      0x1a8 contiki-z1.a(runicast.o)
                0x00004004                runicast_open
                0x00004032                runicast_close
                0x00004038                runicast_is_transmitting
                0x0000403e                runicast_send
 .text          0x0000408e       0x48 contiki-z1.a(abc.o)
                0x0000408e                abc_open
                0x000040ac                abc_close
                0x000040b2                abc_send
                0x000040b8                abc_input
                0x000040c6                abc_sent
 .text          0x000040d6       0x38 contiki-z1.a(chameleon.o)
                0x000040d6                chameleon_init
                0x000040dc                chameleon_parse
                0x000040ec                chameleon_create
                0x00004108                chameleon_hdrsize
 .text          0x0000410e       0x66 contiki-z1.a(channel.o)
                0x0000410e                channel_init
                0x00004118                channel_open
                0x00004128                channel_close
                0x00004134                channel_lookup
                0x00004154                channel_set_attributes
 .text          0x00004174      0x2ec contiki-z1.a(chameleon-bitop)
                0x0000418a                get_bits_in_byte
                0x000041c0                get_bits
                0x000042fe                set_bits_in_byte
                0x00004328                set_bits
 .text          0x00004460      0x35c contiki-z1.a(csma.o)
 .text          0x000047bc      0x762 contiki-z1.a(contikimac.o)
                0x00004f1a                contikimac_debug_print
 .text          0x00004f1e      0x1b8 contiki-z1.a(phase.o)
                0x00004f62                phase_update
                0x00004fe8                phase_wait
                0x000050c2                phase_init
 .text          0x000050d6      0x2a0 contiki-z1.a(process.o)
                0x000051d2                process_alloc_event
                0x000051e0                process_exit
                0x000051ea                process_init
                0x00005206                process_run
                0x000052aa                process_nevents
                0x000052b8                process_post
                0x00005308                process_post_synch
                0x0000531a                process_start
                0x00005350                process_poll
                0x00005368                process_is_running
 .text          0x00005376       0x2a contiki-z1.a(autostart.o)
                0x00005376                autostart_start
                0x0000538c                autostart_exit
 .text          0x000053a0       0xbe contiki-z1.a(compower.o)
                0x000053a0                compower_init
                0x000053b2                compower_accumulate
                0x0000541c                compower_clear
                0x0000542e                compower_attrconv
                0x0000543e                compower_accumulate_attrs
 .text          0x0000545e      0x104 contiki-z1.a(serial-line.o)
                0x000054fc                serial_line_input_byte
                0x00005546                serial_line_init
 .text          0x00005562       0xd8 contiki-z1.a(memb.o)
                0x00005562                memb_init
                0x00005598                memb_alloc
                0x000055d6                memb_free
                0x00005610                memb_inmemb
 .text          0x0000563a       0x8c contiki-z1.a(timer.o)
                0x0000563a                timer_set
                0x00005656                timer_reset
                0x00005664                timer_restart
                0x00005678                timer_expired
                0x000056a2                timer_remaining
 .text          0x000056c6       0xec contiki-z1.a(list.o)
                0x000056c6                list_init
                0x000056cc                list_head
                0x000056d0                list_copy
                0x000056d6                list_tail
                0x000056e8                list_chop
                0x00005702                list_pop
                0x00005710                list_remove
                0x00005744                list_push
                0x0000575a                list_add
                0x00005780                list_length
                0x00005790                list_insert
                0x000057a6                list_item_next
 .text          0x000057b2      0x258 contiki-z1.a(etimer.o)
                0x00005822                etimer_request_poll
                0x00005930                etimer_set
                0x00005942                etimer_reset
                0x00005954                etimer_restart
                0x00005966                etimer_adjust
                0x00005980                etimer_expired
                0x0000598e                etimer_expiration_time
                0x000059a2                etimer_start_time
                0x000059aa                etimer_pending
                0x000059b6                etimer_next_expiration_time
                0x000059cc                etimer_stop
 .text          0x00005a0a      0x1ce contiki-z1.a(ctimer.o)
                0x00005aaa                ctimer_init
                0x00005ac2                ctimer_set
                0x00005b14                ctimer_reset
                0x00005b4a                ctimer_restart
                0x00005b80                ctimer_stop
                0x00005ba8                ctimer_expired
 .text          0x00005bd8       0xaa contiki-z1.a(energest.o)
                0x00005bd8                energest_init
                0x00005bfc                energest_type_time
                0x00005c38                energest_leveldevice_leveltime
                0x00005c3e                energest_type_set
                0x00005c4a                energest_flush
 .text          0x00005c82       0x50 contiki-z1.a(rtimer.o)
                0x00005c82                rtimer_init
                0x00005c88                rtimer_set
                0x00005cac                rtimer_run_next
 .text          0x00005cd2        0xc contiki-z1.a(random.o)
                0x00005cd2                random_init
                0x00005cd8                random_rand
 .text          0x00005cde       0x94 contiki-z1.a(ringbuf.o)
                0x00005cde                ringbuf_init
                0x00005cf2                ringbuf_put
                0x00005d2a                ringbuf_get
                0x00005d58                ringbuf_size
                0x00005d60                ringbuf_elements
 .text          0x00005d72      0x34c contiki-z1.a(nbr-table.o)
                0x00005e84                nbr_table_register
                0x00005eaa                nbr_table_next
                0x00005eee                nbr_table_head
                0x00005f24                nbr_table_add_lladdr
                0x00006034                nbr_table_get_from_lladdr
                0x0000605c                nbr_table_remove
                0x00006086                nbr_table_lock
                0x00006096                nbr_table_unlock
                0x000060a6                nbr_table_get_lladdr
 .text          0x000060be      0x216 contiki-z1.a(packetbuf.o)
                0x000060be                packetbuf_clear_hdr
                0x000060c6                packetbuf_copyto_hdr
                0x000060e2                packetbuf_copyto
                0x00006128                packetbuf_hdr_remove
                0x0000612e                packetbuf_hdrreduce
                0x00006148                packetbuf_set_datalen
                0x0000614e                packetbuf_dataptr
                0x0000615c                packetbuf_hdrptr
                0x00006166                packetbuf_is_reference
                0x00006174                packetbuf_compact
                0x000061bc                packetbuf_reference_ptr
                0x000061c2                packetbuf_datalen
                0x000061c8                packetbuf_hdrlen
                0x000061d2                packetbuf_totlen
                0x000061e2                packetbuf_hdralloc
                0x0000620c                packetbuf_attr_clear
                0x00006238                packetbuf_clear
                0x00006252                packetbuf_reference
                0x00006268                packetbuf_copyfrom
                0x00006292                packetbuf_attr_copyto
                0x000062b2                packetbuf_attr_copyfrom
 .text          0x000062d4      0x1a6 contiki-z1.a(queuebuf.o)
                0x000062d4                queuebuf_init
                0x000062ee                queuebuf_new_from_packetbuf
                0x00006368                queuebuf_update_attr_from_packetbuf
                0x0000637a                queuebuf_free
                0x000063ba                queuebuf_to_packetbuf
                0x00006424                queuebuf_dataptr
                0x00006456                queuebuf_datalen
                0x0000645c                queuebuf_addr
                0x0000646a                queuebuf_attr
                0x00006478                queuebuf_debug_print
 .text          0x0000647a        0xc contiki-z1.a(contiki-z1-plat)
                0x0000647a                init_platform
 .text          0x00006486       0xd2 contiki-z1.a(msp430.o)
                0x00006486                msp430_init_dco
                0x000064ae                msp430_quick_synch_dco
                0x0000652a                msp430_cpu_init
                0x00006550                splhigh_
 .text          0x00006558      0x168 contiki-z1.a(leds.o)
                0x00006650                leds_init
                0x0000665e                leds_get
                0x00006664                leds_on
                0x00006678                leds_off
                0x0000668c                leds_invert
                0x00006696                leds_toggle
                0x0000669c                leds_blink
 .text          0x000066c0       0x54 contiki-z1.a(watchdog.o)
                0x000066c0                watchdog_start
                0x000066d4                watchdog_periodic
                0x000066e6                watchdog_stop
                0x000066fc                watchdog_init
                0x0000670e                watchdog_reboot
 .text          0x00006714      0x30a contiki-z1.a(xmem.o)
                0x00006780                xmem_init
                0x0000679e                xmem_pread
                0x00006860                xmem_pwrite
                0x00006974                xmem_erase
 .text          0x00006a1e       0x32 contiki-z1.a(spi.o)
                0x00006a1e                spi_init
 .text          0x00006a50      0xa14 contiki-z1.a(cc2420.o)
                0x00006d54                cc2420_on
                0x00006d76                cc2420_off
                0x00006f6a                cc2420_get_channel
                0x00006f70                cc2420_set_channel
                0x00006fe8                cc2420_set_pan_addr
                0x00007108                cc2420_init
                0x000071d2                cc2420_interrupt
                0x000071f0                cc2420_set_txpower
                0x000071fe                cc2420_get_txpower
                0x000073cc                cc2420_rssi
                0x0000742a                cc2420_cca_valid
                0x0000744e                cc2420_set_cca_threshold
 .text          0x00007464       0x1a contiki-z1.a(cc2420-arch.o)
                0x00007464                cc2420_arch_init
 .text          0x0000747e       0x96 contiki-z1.a(node-id.o)
                0x0000747e                node_id_restore
                0x000074ca                node_id_burn
 .text          0x00007514      0x156 contiki-z1.a(sensors.o)
                0x000075d6                sensors_first
                0x000075dc                sensors_next
                0x00007600                sensors_changed
                0x0000762a                sensors_find
 .text          0x0000766a       0x86 contiki-z1.a(button-sensor.o)
 .text          0x000076f0       0x6a contiki-z1.a(uart0.o)
                0x000076f0                uart0_active
                0x000076fe                uart0_set_input
                0x00007704                uart0_writeb
                0x0000771a                uart0_init
 .text          0x0000775a       0x10 contiki-z1.a(uart0-putchar.o)
                0x0000775a                putchar
 .text          0x0000776a      0x254 contiki-z1.a(adxl345.o)
                0x0000776a                accm_write_reg
                0x00007798                accm_write_stream
                0x000077c2                accm_read_reg
                0x0000786c                accm_read_stream
                0x000078be                accm_read_axis
                0x000078e4                accm_set_grange
                0x00007908                accm_init
                0x00007992                accm_set_irq
 .text          0x000079be       0xda contiki-z1.a(clock.o)
                0x000079be                clock_time
                0x000079d8                clock_set
                0x000079ee                clock_fine_max
                0x000079f4                clock_fine
                0x00007a00                clock_init
                0x00007a28                clock_delay
                0x00007a34                clock_wait
                0x00007a58                clock_set_seconds
                0x00007a70                clock_seconds
                0x00007a8a                clock_counter
 .text          0x00007a98       0x74 contiki-z1.a(leds-arch.o)
                0x00007a98                leds_arch_init
                0x00007aa6                leds_arch_get
                0x00007ad4                leds_arch_set
 .text          0x00007b0c       0x22 contiki-z1.a(rtimer-arch.o)
                0x00007b0c                rtimer_arch_init
                0x00007b1a                rtimer_arch_now
                0x00007b28                rtimer_arch_schedule
 .text          0x00007b2e      0x108 contiki-z1.a(stunicast.o)
                0x00007b4c                stunicast_open
                0x00007b62                stunicast_receiver
                0x00007b68                stunicast_set_timer
                0x00007ba6                stunicast_send_stubborn
                0x00007bfe                stunicast_send
                0x00007c04                stunicast_cancel
                0x00007c24                stunicast_close
 .text          0x00007c36       0x14 contiki-z1.a(mac.o)
                0x00007c36                mac_call_sent_callback
 .text          0x00007c4a      0x1b2 contiki-z1.a(framer-802154.o)
 .text          0x00007dfc       0xfa contiki-z1.a(i2cmaster.o)
                0x00007dfc                i2c_receiveinit
                0x00007e30                i2c_transmitinit
                0x00007e5e                i2c_receive_n
                0x00007e9c                i2c_busy
                0x00007ea6                i2c_enable
                0x00007ec8                i2c_disable
                0x00007ee2                i2c_transmit_n
 .text          0x00007ef6       0x78 contiki-z1.a(unicast.o)
                0x00007f30                unicast_open
                0x00007f52                unicast_close
                0x00007f58                unicast_send
 .text          0x00007f6e      0x366 contiki-z1.a(frame802154.o)
                0x00007ffa                frame802154_hdrlen
                0x00008028                frame802154_create
                0x0000815e                frame802154_parse
 .text          0x000082d4        0x0 /usr/local/msp430/bin/../lib/gcc/msp430/4.7.0/mcpu-430x/mmpy-16/libgcc.a(_mulsi3.o)
 .text.libgcc   0x000082d4       0x26 /usr/local/msp430/bin/../lib/gcc/msp430/4.7.0/mcpu-430x/mmpy-16/libgcc.a(_mulsi3.o)
                0x000082d4                __mulsi3
 .text          0x000082fa        0x0 /usr/local/msp430/bin/../lib/gcc/msp430/4.7.0/mcpu-430x/mmpy-16/libgcc.a(_udivmod16.o)
 .text.libgcc   0x000082fa       0x22 /usr/local/msp430/bin/../lib/gcc/msp430/4.7.0/mcpu-430x/mmpy-16/libgcc.a(_udivmod16.o)
                0x000082fa                __udivhi3
                0x000082fa                __ext_udivmod16
                0x00008314                __umodhi3
 .text          0x0000831c        0x0 /usr/local/msp430/bin/../lib/gcc/msp430/4.7.0/mcpu-430x/mmpy-16/libgcc.a(_divmod16.o)
 .text.libgcc   0x0000831c       0x3a /usr/local/msp430/bin/../lib/gcc/msp430/4.7.0/mcpu-430x/mmpy-16/libgcc.a(_divmod16.o)
                0x0000831c                __ext_divmod16
                0x0000831c                __divhi3
                0x0000834e                __modhi3
 .text          0x00008356        0x0 /usr/local/msp430/bin/../lib/gcc/msp430/4.7.0/mcpu-430x/mmpy-16/libgcc.a(_udivmod32.o)
 .text.libgcc   0x00008356       0x38 /usr/local/msp430/bin/../lib/gcc/msp430/4.7.0/mcpu-430x/mmpy-16/libgcc.a(_udivmod32.o)
                0x00008356                __udivsi3
                0x00008356                __ext_udivmod32
                0x00008384                __umodsi3
 .text          0x0000838e        0x0 /usr/local/msp430/bin/../lib/gcc/msp430/4.7.0/../../../../msp430/lib/mcpu-430x/mmpy-16/libc.a(malloc.o)
 .text.malloc   0x0000838e       0xbe /usr/local/msp430/bin/../lib/gcc/msp430/4.7.0/../../../../msp430/lib/mcpu-430x/mmpy-16/libc.a(malloc.o)
                0x0000838e                malloc
 .text.free     0x0000844c        0x6 /usr/local/msp430/bin/../lib/gcc/msp430/4.7.0/../../../../msp430/lib/mcpu-430x/mmpy-16/libc.a(malloc.o)
                0x0000844c                free
 .text          0x00008452        0x0 /usr/local/msp430/bin/../lib/gcc/msp430/4.7.0/../../../../msp430/lib/mcpu-430x/mmpy-16/libc.a(printf.o)
 .text.printf   0x00008452       0x10 /usr/local/msp430/bin/../lib/gcc/msp430/4.7.0/../../../../msp430/lib/mcpu-430x/mmpy-16/libc.a(printf.o)
                0x00008452                printf
 .text.vprintf  0x00008462        0xe /usr/local/msp430/bin/../lib/gcc/msp430/4.7.0/../../../../msp430/lib/mcpu-430x/mmpy-16/libc.a(printf.o)
                0x00008462                vprintf
 .text          0x00008470        0x0 /usr/local/msp430/bin/../lib/gcc/msp430/4.7.0/../../../../msp430/lib/mcpu-430x/mmpy-16/libc.a(vuprintf.o)
 .text.print_field
                0x00008470      0x176 /usr/local/msp430/bin/../lib/gcc/msp430/4.7.0/../../../../msp430/lib/mcpu-430x/mmpy-16/libc.a(vuprintf.o)
 .text.vuprintf
                0x000085e6      0x740 /usr/local/msp430/bin/../lib/gcc/msp430/4.7.0/../../../../msp430/lib/mcpu-430x/mmpy-16/libc.a(vuprintf.o)
                0x000085e6                vuprintf
 .text          0x00008d26        0x0 /usr/local/msp430/bin/../lib/gcc/msp430/4.7.0/../../../../msp430/lib/mcpu-430x/mmpy-16/libc.a(puts.o)
 .text.puts     0x00008d26       0x2c /usr/local/msp430/bin/../lib/gcc/msp430/4.7.0/../../../../msp430/lib/mcpu-430x/mmpy-16/libc.a(puts.o)
                0x00008d26                puts
 .text          0x00008d52        0x0 /usr/local/msp430/bin/../lib/gcc/msp430/4.7.0/../../../../msp430/lib/mcpu-430x/mmpy-16/libc.a(rand.o)
 .text.rand_r   0x00008d52       0x24 /usr/local/msp430/bin/../lib/gcc/msp430/4.7.0/../../../../msp430/lib/mcpu-430x/mmpy-16/libc.a(rand.o)
                0x00008d52                rand_r
 .text.rand     0x00008d76       0x26 /usr/local/msp430/bin/../lib/gcc/msp430/4.7.0/../../../../msp430/lib/mcpu-430x/mmpy-16/libc.a(rand.o)
                0x00008d76                rand
 .text.srand    0x00008d9c        0xa /usr/local/msp430/bin/../lib/gcc/msp430/4.7.0/../../../../msp430/lib/mcpu-430x/mmpy-16/libc.a(rand.o)
                0x00008d9c                srand
 .text          0x00008da6        0x0 /usr/local/msp430/bin/../lib/gcc/msp430/4.7.0/../../../../msp430/lib/mcpu-430x/mmpy-16/libc.a(strncmp.o)
 .text.strncmp  0x00008da6       0x2a /usr/local/msp430/bin/../lib/gcc/msp430/4.7.0/../../../../msp430/lib/mcpu-430x/mmpy-16/libc.a(strncmp.o)
                0x00008da6                strncmp
 .text          0x00008dd0        0x0 /usr/local/msp430/bin/../lib/gcc/msp430/4.7.0/../../../../msp430/lib/mcpu-430x/mmpy-16/libc.a(memcmp.o)
 .text.memcmp   0x00008dd0       0x2c /usr/local/msp430/bin/../lib/gcc/msp430/4.7.0/../../../../msp430/lib/mcpu-430x/mmpy-16/libc.a(memcmp.o)
                0x00008dd0                memcmp
 .text          0x00008dfc        0x0 /usr/local/msp430/bin/../lib/gcc/msp430/4.7.0/../../../../msp430/lib/mcpu-430x/mmpy-16/libc.a(memcpy.o)
 .text.memcpy   0x00008dfc       0xe8 /usr/local/msp430/bin/../lib/gcc/msp430/4.7.0/../../../../msp430/lib/mcpu-430x/mmpy-16/libc.a(memcpy.o)
                0x00008dfc                memcpy
 .text          0x00008ee4        0x0 /usr/local/msp430/bin/../lib/gcc/msp430/4.7.0/../../../../msp430/lib/mcpu-430x/mmpy-16/libc.a(memset.o)
 .text.memset   0x00008ee4       0x5c /usr/local/msp430/bin/../lib/gcc/msp430/4.7.0/../../../../msp430/lib/mcpu-430x/mmpy-16/libc.a(memset.o)
                0x00008ee4                memset
 .text          0x00008f40        0x0 /usr/local/msp430/bin/../lib/gcc/msp430/4.7.0/../../../../msp430/lib/mcpu-430x/mmpy-16/libc.a(time.o)
 .text.time     0x00008f40       0x32 /usr/local/msp430/bin/../lib/gcc/msp430/4.7.0/../../../../msp430/lib/mcpu-430x/mmpy-16/libc.a(time.o)
                0x00008f40                time
 .text          0x00008f72        0x0 /usr/local/msp430/bin/../lib/gcc/msp430/4.7.0/mcpu-430x/mmpy-16/libgcc.a(_udivmod64.o)
 .text.libgcc   0x00008f72       0xbc /usr/local/msp430/bin/../lib/gcc/msp430/4.7.0/mcpu-430x/mmpy-16/libgcc.a(_udivmod64.o)
                0x00008f72                __xabi_udivmod64
                0x00008fc4                __udivdi3
                0x00008fde                __umoddi3
                0x00009000                __udivmoddi4
 .text          0x0000902e        0x0 /usr/local/msp430/bin/../lib/gcc/msp430/4.7.0/mcpu-430x/mmpy-16/libcrt0.a(_reset_vector__.o)
 .text          0x0000902e        0x0 /usr/local/msp430/bin/../lib/gcc/msp430/4.7.0/mcpu-430x/mmpy-16/libcrt0.a(__watchdog_support.o)
 .text          0x0000902e        0x0 /usr/local/msp430/bin/../lib/gcc/msp430/4.7.0/mcpu-430x/mmpy-16/libcrt0.a(__init_stack.o)
 .text          0x0000902e        0x0 /usr/local/msp430/bin/../lib/gcc/msp430/4.7.0/mcpu-430x/mmpy-16/libcrt0.a(__low_level_init.o)
 .text          0x0000902e        0x0 /usr/local/msp430/bin/../lib/gcc/msp430/4.7.0/mcpu-430x/mmpy-16/libcrt0.a(_copy_data.o)
 .text          0x0000902e        0x0 /usr/local/msp430/bin/../lib/gcc/msp430/4.7.0/mcpu-430x/mmpy-16/libcrt0.a(_clear_bss.o)
 .text          0x0000902e        0x0 /usr/local/msp430/bin/../lib/gcc/msp430/4.7.0/mcpu-430x/mmpy-16/libcrt0.a(__stop_progExec__.o)
 .text          0x0000902e        0x0 /usr/local/msp430/bin/../lib/gcc/msp430/4.7.0/mcpu-430x/mmpy-16/libcrt0.a(_endless_loop__.o)
 .text          0x0000902e        0x0 /usr/local/msp430/bin/../lib/gcc/msp430/4.7.0/mcpu-430x/mmpy-16/libcrt0.a(_unexpected_.o)
 .text.crt0     0x0000902e        0x2 /usr/local/msp430/bin/../lib/gcc/msp430/4.7.0/mcpu-430x/mmpy-16/libcrt0.a(_unexpected_.o)
                0x0000902e                _unexpected_
 *(.near.text .near.text.*)
 .near.text     0x00009030        0x6 contiki-z1.a(watchdog.o)
                0x00009030                __isr_26
                0x00009030                watchdog_interrupt
 .near.text     0x00009036       0x76 contiki-z1.a(button-sensor.o)
                0x00009036                irq_p2
                0x00009036                __isr_19
 .near.text     0x000090ac       0x64 contiki-z1.a(uart0.o)
                0x000090ac                __isr_23
                0x000090ac                uart0_rx_interrupt
 .near.text     0x00009110       0xbe contiki-z1.a(adxl345.o)
                0x00009110                port1_isr
                0x00009110                __isr_18
 .near.text     0x000091ce       0xea contiki-z1.a(clock.o)
                0x000091ce                __isr_24
                0x000091ce                timera1
 .near.text     0x000092b8       0x5c contiki-z1.a(rtimer-arch.o)
                0x000092b8                __isr_25
                0x000092b8                timera0
 .near.text     0x00009314       0x98 contiki-z1.a(i2cmaster.o)
                0x00009314                __isr_16
                0x00009314                i2c_tx_interrupt
                0x00009398                i2c_rx_interrupt
                0x00009398                __isr_17

.rodata         0x000093ac      0x267
                0x000093ac                . = ALIGN (0x2)
 *(.rodata .rodata.* .gnu.linkonce.r.*)
 .rodata        0x000093ac       0x5c sensor_root.co
                0x000093d8                autostart_processes
                0x000093f9                version
                0x000093fa                broadcast_channel
                0x000093fc                runicast_channel
 .rodata        0x00009408        0xc obj_z1/message.o
 .rodata        0x00009414       0xd4 obj_z1/contiki-z1-main.o
 .rodata        0x000094e8        0x2 contiki-z1.a(rimeaddr.o)
                0x000094e8                rimeaddr_null
 .rodata        0x000094ea        0xc contiki-z1.a(rime.o)
                0x000094f0                rime_driver
 .rodata        0x000094f6        0x4 contiki-z1.a(broadcast-annou)
 .rodata        0x000094fa        0x8 contiki-z1.a(broadcast.o)
 .rodata        0x00009502        0xe contiki-z1.a(runicast.o)
 .rodata        0x00009510        0x2 contiki-z1.a(abc.o)
 .rodata        0x00009512       0x10 contiki-z1.a(chameleon-bitop)
                0x00009512                chameleon_bitopt
 .rodata        0x00009522       0x14 contiki-z1.a(csma.o)
                0x00009528                csma_driver
 .rodata        0x00009536       0x1c contiki-z1.a(contikimac.o)
                0x00009542                contikimac_driver
 .rodata        0x00009552        0xe contiki-z1.a(serial-line.o)
 .rodata        0x00009560        0xc contiki-z1.a(etimer.o)
 .rodata        0x0000956c        0xf contiki-z1.a(ctimer.o)
 .rodata        0x0000957b       0x2c contiki-z1.a(xmem.o)
 *fill*         0x000095a7        0x1 00
 .rodata        0x000095a8       0x22 contiki-z1.a(cc2420.o)
                0x000095a8                cc2420_driver
 .rodata        0x000095ca        0x8 contiki-z1.a(sensors.o)
 .rodata        0x000095d2       0x10 contiki-z1.a(button-sensor.o)
                0x000095da                button_sensor
 .rodata        0x000095e2       0x16 contiki-z1.a(adxl345.o)
 .rodata        0x000095f8        0x4 contiki-z1.a(stunicast.o)
 .rodata        0x000095fc        0x4 contiki-z1.a(framer-802154.o)
                0x000095fc                framer_802154
 .rodata        0x00009600        0xa contiki-z1.a(unicast.o)
 .rodata        0x0000960a        0x2 contiki-z1.a(frame802154.o)
 .rodata.vuprintf
                0x0000960c        0x7 /usr/local/msp430/bin/../lib/gcc/msp430/4.7.0/../../../../msp430/lib/mcpu-430x/mmpy-16/libc.a(vuprintf.o)
 *(.near.rodata .near.rodata.*)
                0x00009614                . = ALIGN (0x2)
                0x00009614                _etext = .

.data           0x00001100       0xb8 load address 0x00009614
                0x00001100                . = ALIGN (0x2)
                0x00001100                __data_start = .
 *(.data .data.* .gnu.linkonce.d.*)
 .data          0x00001100        0x0 /usr/local/msp430/bin/../lib/gcc/msp430/4.7.0/mcpu-430x/mmpy-16/crt0ivtbl32.o
 .data          0x00001100       0x14 sensor_root.co
                0x00001100                gateway_process
                0x0000110a                my_process
 .data          0x00001114        0x0 obj_z1/message.o
 .data          0x00001114        0x0 obj_z1/node.o
 .data          0x00001114        0x4 obj_z1/contiki-z1-main.o
                0x00001114                sensors
 .data          0x00001118        0x0 contiki-z1.a(rimeaddr.o)
 .data          0x00001118        0x0 contiki-z1.a(rime.o)
 .data          0x00001118        0x0 contiki-z1.a(rimestats.o)
 .data          0x00001118        0x0 contiki-z1.a(announcement.o)
 .data          0x00001118        0x0 contiki-z1.a(broadcast-annou)
 .data          0x00001118        0x0 contiki-z1.a(broadcast.o)
 .data          0x00001118        0x0 contiki-z1.a(runicast.o)
 .data          0x00001118        0x0 contiki-z1.a(abc.o)
 .data          0x00001118        0x0 contiki-z1.a(chameleon.o)
 .data          0x00001118        0x0 contiki-z1.a(channel.o)
 .data          0x00001118        0x0 contiki-z1.a(chameleon-bitop)
 .data          0x00001118       0x18 contiki-z1.a(csma.o)
 .data          0x00001130        0x0 contiki-z1.a(contikimac.o)
 .data          0x00001130       0x10 contiki-z1.a(phase.o)
 .data          0x00001140        0x0 contiki-z1.a(process.o)
 .data          0x00001140        0x0 contiki-z1.a(autostart.o)
 .data          0x00001140        0x0 contiki-z1.a(compower.o)
 .data          0x00001140        0xa contiki-z1.a(serial-line.o)
                0x00001140                serial_line_process
 .data          0x0000114a        0x0 contiki-z1.a(memb.o)
 .data          0x0000114a        0x0 contiki-z1.a(timer.o)
 .data          0x0000114a        0x0 contiki-z1.a(list.o)
 .data          0x0000114a        0xa contiki-z1.a(etimer.o)
                0x0000114a                etimer_process
 .data          0x00001154        0xa contiki-z1.a(ctimer.o)
                0x00001154                ctimer_process
 .data          0x0000115e        0x0 contiki-z1.a(energest.o)
 .data          0x0000115e        0x0 contiki-z1.a(rtimer.o)
 .data          0x0000115e        0x0 contiki-z1.a(random.o)
 .data          0x0000115e        0x0 contiki-z1.a(ringbuf.o)
 .data          0x0000115e        0x8 contiki-z1.a(nbr-table.o)
 .data          0x00001166        0x0 contiki-z1.a(packetbuf.o)
 .data          0x00001166       0x18 contiki-z1.a(queuebuf.o)
 .data          0x0000117e        0x0 contiki-z1.a(contiki-z1-plat)
 .data          0x0000117e        0x2 contiki-z1.a(msp430.o)
 .data          0x00001180        0x0 contiki-z1.a(leds.o)
 .data          0x00001180        0x0 contiki-z1.a(watchdog.o)
 .data          0x00001180        0x0 contiki-z1.a(xmem.o)
 .data          0x00001180        0x0 contiki-z1.a(spi.o)
 .data          0x00001180        0xa contiki-z1.a(cc2420.o)
                0x00001180                cc2420_process
 .data          0x0000118a        0x0 contiki-z1.a(cc2420-arch.o)
 .data          0x0000118a        0x0 contiki-z1.a(node-id.o)
 .data          0x0000118a        0xa contiki-z1.a(sensors.o)
                0x0000118a                sensors_process
 .data          0x00001194        0x0 contiki-z1.a(button-sensor.o)
 .data          0x00001194        0x0 contiki-z1.a(uart0.o)
 .data          0x00001194        0x0 contiki-z1.a(uart0-putchar.o)
 .data          0x00001194       0x20 contiki-z1.a(adxl345.o)
                0x00001194                accmeter_process
 .data          0x000011b4        0x0 contiki-z1.a(clock.o)
 .data          0x000011b4        0x0 contiki-z1.a(leds-arch.o)
 .data          0x000011b4        0x0 contiki-z1.a(rtimer-arch.o)
 .data          0x000011b4        0x0 contiki-z1.a(stunicast.o)
 .data          0x000011b4        0x0 contiki-z1.a(mac.o)
 .data          0x000011b4        0x0 contiki-z1.a(framer-802154.o)
 .data          0x000011b4        0x0 contiki-z1.a(i2cmaster.o)
 .data          0x000011b4        0x0 contiki-z1.a(unicast.o)
 .data          0x000011b4        0x0 contiki-z1.a(frame802154.o)
 .data          0x000011b4        0x0 /usr/local/msp430/bin/../lib/gcc/msp430/4.7.0/mcpu-430x/mmpy-16/libgcc.a(_mulsi3.o)
 .data          0x000011b4        0x0 /usr/local/msp430/bin/../lib/gcc/msp430/4.7.0/mcpu-430x/mmpy-16/libgcc.a(_udivmod16.o)
 .data          0x000011b4        0x0 /usr/local/msp430/bin/../lib/gcc/msp430/4.7.0/mcpu-430x/mmpy-16/libgcc.a(_divmod16.o)
 .data          0x000011b4        0x0 /usr/local/msp430/bin/../lib/gcc/msp430/4.7.0/mcpu-430x/mmpy-16/libgcc.a(_udivmod32.o)
 .data          0x000011b4        0x0 /usr/local/msp430/bin/../lib/gcc/msp430/4.7.0/../../../../msp430/lib/mcpu-430x/mmpy-16/libc.a(malloc.o)
 .data          0x000011b4        0x0 /usr/local/msp430/bin/../lib/gcc/msp430/4.7.0/../../../../msp430/lib/mcpu-430x/mmpy-16/libc.a(printf.o)
 .data          0x000011b4        0x0 /usr/local/msp430/bin/../lib/gcc/msp430/4.7.0/../../../../msp430/lib/mcpu-430x/mmpy-16/libc.a(vuprintf.o)
 .data          0x000011b4        0x0 /usr/local/msp430/bin/../lib/gcc/msp430/4.7.0/../../../../msp430/lib/mcpu-430x/mmpy-16/libc.a(puts.o)
 .data          0x000011b4        0x0 /usr/local/msp430/bin/../lib/gcc/msp430/4.7.0/../../../../msp430/lib/mcpu-430x/mmpy-16/libc.a(rand.o)
 .data.next     0x000011b4        0x4 /usr/local/msp430/bin/../lib/gcc/msp430/4.7.0/../../../../msp430/lib/mcpu-430x/mmpy-16/libc.a(rand.o)
 .data          0x000011b8        0x0 /usr/local/msp430/bin/../lib/gcc/msp430/4.7.0/../../../../msp430/lib/mcpu-430x/mmpy-16/libc.a(strncmp.o)
 .data          0x000011b8        0x0 /usr/local/msp430/bin/../lib/gcc/msp430/4.7.0/../../../../msp430/lib/mcpu-430x/mmpy-16/libc.a(memcmp.o)
 .data          0x000011b8        0x0 /usr/local/msp430/bin/../lib/gcc/msp430/4.7.0/../../../../msp430/lib/mcpu-430x/mmpy-16/libc.a(memcpy.o)
 .data          0x000011b8        0x0 /usr/local/msp430/bin/../lib/gcc/msp430/4.7.0/../../../../msp430/lib/mcpu-430x/mmpy-16/libc.a(memset.o)
 .data          0x000011b8        0x0 /usr/local/msp430/bin/../lib/gcc/msp430/4.7.0/../../../../msp430/lib/mcpu-430x/mmpy-16/libc.a(time.o)
 .data          0x000011b8        0x0 /usr/local/msp430/bin/../lib/gcc/msp430/4.7.0/mcpu-430x/mmpy-16/libgcc.a(_udivmod64.o)
 .data          0x000011b8        0x0 /usr/local/msp430/bin/../lib/gcc/msp430/4.7.0/mcpu-430x/mmpy-16/libcrt0.a(_reset_vector__.o)
 .data          0x000011b8        0x0 /usr/local/msp430/bin/../lib/gcc/msp430/4.7.0/mcpu-430x/mmpy-16/libcrt0.a(__watchdog_support.o)
 .data          0x000011b8        0x0 /usr/local/msp430/bin/../lib/gcc/msp430/4.7.0/mcpu-430x/mmpy-16/libcrt0.a(__init_stack.o)
 .data          0x000011b8        0x0 /usr/local/msp430/bin/../lib/gcc/msp430/4.7.0/mcpu-430x/mmpy-16/libcrt0.a(__low_level_init.o)
 .data          0x000011b8        0x0 /usr/local/msp430/bin/../lib/gcc/msp430/4.7.0/mcpu-430x/mmpy-16/libcrt0.a(_copy_data.o)
 .data          0x000011b8        0x0 /usr/local/msp430/bin/../lib/gcc/msp430/4.7.0/mcpu-430x/mmpy-16/libcrt0.a(_clear_bss.o)
 .data          0x000011b8        0x0 /usr/local/msp430/bin/../lib/gcc/msp430/4.7.0/mcpu-430x/mmpy-16/libcrt0.a(__stop_progExec__.o)
 .data          0x000011b8        0x0 /usr/local/msp430/bin/../lib/gcc/msp430/4.7.0/mcpu-430x/mmpy-16/libcrt0.a(_endless_loop__.o)
 .data          0x000011b8        0x0 /usr/local/msp430/bin/../lib/gcc/msp430/4.7.0/mcpu-430x/mmpy-16/libcrt0.a(_unexpected_.o)
 *(.near.data .near.data.*)
                0x000011b8                . = ALIGN (0x2)
                0x000011b8                _edata = .
                0x00009614                __data_load_start = LOADADDR (.data)
                0x000000b8                __data_size = SIZEOF (.data)

.bss            0x000011b8      0xd44 load address 0x000096cc
                0x000011b8                __bss_start = .
 *(.bss .bss.*)
 .bss           0x000011b8        0x0 /usr/local/msp430/bin/../lib/gcc/msp430/4.7.0/mcpu-430x/mmpy-16/crt0ivtbl32.o
 .bss           0x000011b8       0x1c sensor_root.co
                0x000011b8                tree_version
                0x000011b9                my_id
                0x000011ba                childs
 .bss           0x000011d4        0x0 obj_z1/message.o
 .bss           0x000011d4        0x0 obj_z1/node.o
 .bss           0x000011d4        0x4 obj_z1/contiki-z1-main.o
 .bss           0x000011d8        0x0 contiki-z1.a(rimeaddr.o)
 .bss           0x000011d8        0x2 contiki-z1.a(rime.o)
 .bss           0x000011da        0x0 contiki-z1.a(rimestats.o)
 .bss           0x000011da        0x6 contiki-z1.a(announcement.o)
 .bss           0x000011e0       0x46 contiki-z1.a(broadcast-annou)
 .bss           0x00001226        0x0 contiki-z1.a(broadcast.o)
 .bss           0x00001226        0x0 contiki-z1.a(runicast.o)
 .bss           0x00001226        0x0 contiki-z1.a(abc.o)
 .bss           0x00001226        0x0 contiki-z1.a(chameleon.o)
 .bss           0x00001226        0x2 contiki-z1.a(channel.o)
 .bss           0x00001228        0x0 contiki-z1.a(chameleon-bitop)
 .bss           0x00001228       0xb6 contiki-z1.a(csma.o)
 .bss           0x000012de       0x74 contiki-z1.a(contikimac.o)
 .bss           0x00001352      0x148 contiki-z1.a(phase.o)
 .bss           0x0000149a       0x42 contiki-z1.a(process.o)
                0x0000149a                process_current
                0x0000149c                process_list
 .bss           0x000014dc        0x0 contiki-z1.a(autostart.o)
 .bss           0x000014dc        0x8 contiki-z1.a(compower.o)
 .bss           0x000014e4      0x10a contiki-z1.a(serial-line.o)
 .bss           0x000015ee        0x0 contiki-z1.a(memb.o)
 .bss           0x000015ee        0x0 contiki-z1.a(timer.o)
 .bss           0x000015ee        0x0 contiki-z1.a(list.o)
 .bss           0x000015ee        0x6 contiki-z1.a(etimer.o)
 .bss           0x000015f4        0x4 contiki-z1.a(ctimer.o)
 .bss           0x000015f8        0x0 contiki-z1.a(energest.o)
 .bss           0x000015f8        0x2 contiki-z1.a(rtimer.o)
 .bss           0x000015fa        0x0 contiki-z1.a(random.o)
 .bss           0x000015fa        0x0 contiki-z1.a(ringbuf.o)
 .bss           0x000015fa       0x4c contiki-z1.a(nbr-table.o)
 .bss           0x00001646       0xba contiki-z1.a(packetbuf.o)
 .bss           0x00001700      0x65e contiki-z1.a(queuebuf.o)
 .bss           0x00001d5e        0x0 contiki-z1.a(contiki-z1-plat)
 .bss           0x00001d5e        0x0 contiki-z1.a(msp430.o)
 .bss           0x00001d5e        0x2 contiki-z1.a(leds.o)
 .bss           0x00001d60        0x2 contiki-z1.a(watchdog.o)
 .bss           0x00001d62        0x0 contiki-z1.a(xmem.o)
 .bss           0x00001d62        0x1 contiki-z1.a(spi.o)
                0x00001d62                spi_busy
 *fill*         0x00001d63        0x1 00
 .bss           0x00001d64        0xa contiki-z1.a(cc2420.o)
 .bss           0x00001d6e        0x0 contiki-z1.a(cc2420-arch.o)
 .bss           0x00001d6e        0x2 contiki-z1.a(node-id.o)
                0x00001d6e                node_id
 .bss           0x00001d70        0x6 contiki-z1.a(sensors.o)
 .bss           0x00001d76        0x8 contiki-z1.a(button-sensor.o)
 .bss           0x00001d7e        0x4 contiki-z1.a(uart0.o)
 .bss           0x00001d82        0x0 contiki-z1.a(uart0-putchar.o)
 .bss           0x00001d82       0x16 contiki-z1.a(adxl345.o)
 .bss           0x00001d98        0xa contiki-z1.a(clock.o)
 .bss           0x00001da2        0x0 contiki-z1.a(leds-arch.o)
 .bss           0x00001da2        0x0 contiki-z1.a(rtimer-arch.o)
 .bss           0x00001da2        0x0 contiki-z1.a(stunicast.o)
 .bss           0x00001da2        0x0 contiki-z1.a(mac.o)
 .bss           0x00001da2        0x2 contiki-z1.a(framer-802154.o)
 .bss           0x00001da4        0x2 contiki-z1.a(i2cmaster.o)
 .bss           0x00001da6        0x0 contiki-z1.a(unicast.o)
 .bss           0x00001da6        0x0 contiki-z1.a(frame802154.o)
 .bss           0x00001da6        0x0 /usr/local/msp430/bin/../lib/gcc/msp430/4.7.0/mcpu-430x/mmpy-16/libgcc.a(_mulsi3.o)
 .bss           0x00001da6        0x0 /usr/local/msp430/bin/../lib/gcc/msp430/4.7.0/mcpu-430x/mmpy-16/libgcc.a(_udivmod16.o)
 .bss           0x00001da6        0x0 /usr/local/msp430/bin/../lib/gcc/msp430/4.7.0/mcpu-430x/mmpy-16/libgcc.a(_divmod16.o)
 .bss           0x00001da6        0x0 /usr/local/msp430/bin/../lib/gcc/msp430/4.7.0/mcpu-430x/mmpy-16/libgcc.a(_udivmod32.o)
 .bss           0x00001da6        0x0 /usr/local/msp430/bin/../lib/gcc/msp430/4.7.0/../../../../msp430/lib/mcpu-430x/mmpy-16/libc.a(malloc.o)
 .bss.once.1522
                0x00001da6        0x1 /usr/local/msp430/bin/../lib/gcc/msp430/4.7.0/../../../../msp430/lib/mcpu-430x/mmpy-16/libc.a(malloc.o)
 .bss           0x00001da7        0x0 /usr/local/msp430/bin/../lib/gcc/msp430/4.7.0/../../../../msp430/lib/mcpu-430x/mmpy-16/libc.a(printf.o)
 .bss           0x00001da7        0x0 /usr/local/msp430/bin/../lib/gcc/msp430/4.7.0/../../../../msp430/lib/mcpu-430x/mmpy-16/libc.a(vuprintf.o)
 .bss           0x00001da7        0x0 /usr/local/msp430/bin/../lib/gcc/msp430/4.7.0/../../../../msp430/lib/mcpu-430x/mmpy-16/libc.a(puts.o)
 .bss           0x00001da7        0x0 /usr/local/msp430/bin/../lib/gcc/msp430/4.7.0/../../../../msp430/lib/mcpu-430x/mmpy-16/libc.a(rand.o)
 .bss           0x00001da7        0x0 /usr/local/msp430/bin/../lib/gcc/msp430/4.7.0/../../../../msp430/lib/mcpu-430x/mmpy-16/libc.a(strncmp.o)
 .bss           0x00001da7        0x0 /usr/local/msp430/bin/../lib/gcc/msp430/4.7.0/../../../../msp430/lib/mcpu-430x/mmpy-16/libc.a(memcmp.o)
 .bss           0x00001da7        0x0 /usr/local/msp430/bin/../lib/gcc/msp430/4.7.0/../../../../msp430/lib/mcpu-430x/mmpy-16/libc.a(memcpy.o)
 .bss           0x00001da7        0x0 /usr/local/msp430/bin/../lib/gcc/msp430/4.7.0/../../../../msp430/lib/mcpu-430x/mmpy-16/libc.a(memset.o)
 .bss           0x00001da7        0x0 /usr/local/msp430/bin/../lib/gcc/msp430/4.7.0/../../../../msp430/lib/mcpu-430x/mmpy-16/libc.a(time.o)
 .bss           0x00001da7        0x0 /usr/local/msp430/bin/../lib/gcc/msp430/4.7.0/mcpu-430x/mmpy-16/libgcc.a(_udivmod64.o)
 .bss           0x00001da7        0x0 /usr/local/msp430/bin/../lib/gcc/msp430/4.7.0/mcpu-430x/mmpy-16/libcrt0.a(_reset_vector__.o)
 .bss           0x00001da7        0x0 /usr/local/msp430/bin/../lib/gcc/msp430/4.7.0/mcpu-430x/mmpy-16/libcrt0.a(__watchdog_support.o)
 .bss           0x00001da7        0x0 /usr/local/msp430/bin/../lib/gcc/msp430/4.7.0/mcpu-430x/mmpy-16/libcrt0.a(__init_stack.o)
 .bss           0x00001da7        0x0 /usr/local/msp430/bin/../lib/gcc/msp430/4.7.0/mcpu-430x/mmpy-16/libcrt0.a(__low_level_init.o)
 .bss           0x00001da7        0x0 /usr/local/msp430/bin/../lib/gcc/msp430/4.7.0/mcpu-430x/mmpy-16/libcrt0.a(_copy_data.o)
 .bss           0x00001da7        0x0 /usr/local/msp430/bin/../lib/gcc/msp430/4.7.0/mcpu-430x/mmpy-16/libcrt0.a(_clear_bss.o)
 .bss           0x00001da7        0x0 /usr/local/msp430/bin/../lib/gcc/msp430/4.7.0/mcpu-430x/mmpy-16/libcrt0.a(__stop_progExec__.o)
 .bss           0x00001da7        0x0 /usr/local/msp430/bin/../lib/gcc/msp430/4.7.0/mcpu-430x/mmpy-16/libcrt0.a(_endless_loop__.o)
 .bss           0x00001da7        0x0 /usr/local/msp430/bin/../lib/gcc/msp430/4.7.0/mcpu-430x/mmpy-16/libcrt0.a(_unexpected_.o)
 *(.near.bss .near.bss.*)
 *(COMMON)
 *fill*         0x00001da7        0x1 00
 COMMON         0x00001da8       0x3a sensor_root.co
                0x00001da8                runicast
                0x00001dd6                broadcast
 COMMON         0x00001de2        0x2 obj_z1/contiki-z1-main.o
                0x00001de2                sensors_flags
 COMMON         0x00001de4        0x2 contiki-z1.a(rimeaddr.o)
                0x00001de4                rimeaddr_node_addr
 COMMON         0x00001de6       0x48 contiki-z1.a(rimestats.o)
                0x00001de6                rimestats
 COMMON         0x00001e2e        0x1 contiki-z1.a(process.o)
                0x00001e2e                process_maxevents
 *fill*         0x00001e2f        0x1 00
 COMMON         0x00001e30        0x8 contiki-z1.a(compower.o)
                0x00001e30                compower_idle_activity
 COMMON         0x00001e38        0x1 contiki-z1.a(serial-line.o)
                0x00001e38                serial_line_event_message
 *fill*         0x00001e39        0x1 00
 COMMON         0x00001e3a       0x56 contiki-z1.a(energest.o)
                0x00001e3a                energest_total_time
                0x00001e6a                energest_total_count
                0x00001e6c                energest_current_mode
                0x00001e78                energest_current_time
 COMMON         0x00001e90       0x38 contiki-z1.a(packetbuf.o)
                0x00001e90                packetbuf_addrs
                0x00001e98                packetbuf_attrs
 COMMON         0x00001ec8       0x14 contiki-z1.a(cc2420.o)
                0x00001ec8                cc2420_last_rssi
                0x00001eca                cc2420_packets_read
                0x00001ecc                cc2420_packets_seen
                0x00001ece                cc2420_sfd_start_time
                0x00001ed0                cc2420_time_of_departure
                0x00001ed2                cc2420_time_of_arrival
                0x00001ed4                cc2420_last_correlation
                0x00001ed6                cc2420_authority_level_of_sender
                0x00001ed8                cc2420_sfd_counter
                0x00001eda                cc2420_sfd_end_time
 COMMON         0x00001edc        0x8 contiki-z1.a(node-id.o)
                0x00001edc                node_mac
 COMMON         0x00001ee4        0x1 contiki-z1.a(sensors.o)
                0x00001ee4                sensors_event
 *fill*         0x00001ee5        0x1 00
 COMMON         0x00001ee6        0x7 contiki-z1.a(adxl345.o)
                0x00001ee6                accm_int2_cb
                0x00001ee8                int2_event
                0x00001eea                accm_int1_cb
                0x00001eec                int1_event
 *fill*         0x00001eed        0x1 00
 COMMON         0x00001eee        0xe contiki-z1.a(i2cmaster.o)
                0x00001eee                transmit_data1
                0x00001eef                rx_byte_ctr
                0x00001ef0                tx_buf_ptr
                0x00001ef2                tx_byte_ctr
                0x00001ef4                i
                0x00001ef6                receive_data
                0x00001ef7                rx_buf
                0x00001ef9                transmit_data2
                0x00001efa                rx_buf_ptr
                0x00001efc                . = ALIGN (0x2)
                0x00001efc                __bss_end = .
                0x00000d44                __bss_size = SIZEOF (.bss)

.noinit         0x00001efc        0x2 load address 0x000096cc
                0x00001efc                . = ALIGN (0x2)
                0x00001efc                __noinit_start = .
 *(.noinit .noinit.*)
 .noinit.crt0   0x00001efc        0x2 /usr/local/msp430/bin/../lib/gcc/msp430/4.7.0/mcpu-430x/mmpy-16/libcrt0.a(__watchdog_support.o)
                0x00001efc                __wdt_clear_value
                0x00001efe                . = ALIGN (0x2)
                0x00001efe                __noinit_end = .
                0x00001efe                . = ALIGN (0x2)
                0x00001efe                _end = .

.infomem        0x00001000        0x0
                0x00001000                . = ALIGN (0x2)
 *(.infomem .infomem.*)

.infomemnobits  0x00001000        0x0
                0x00001000                . = ALIGN (0x2)
 *(.infomemnobits .infomemnobits.*)

.infoa          0x000010c0        0x0
                0x000010c0                . = ALIGN (0x2)
 *(.infoa .infoa.*)

.infob          0x00001080        0x0
                0x00001080                . = ALIGN (0x2)
 *(.infob .infob.*)

.infoc          0x00001040        0x0
                0x00001040                . = ALIGN (0x2)
 *(.infoc .infoc.*)

.infod          0x00001000        0x0
                0x00001000                . = ALIGN (0x2)
 *(.infod .infod.*)

.vectors        0x0000ffc0       0x40
                0x0000ffc0                __vectors_start = .
 *(.vectors*)
 .vectors       0x0000ffc0       0x40 /usr/local/msp430/bin/../lib/gcc/msp430/4.7.0/mcpu-430x/mmpy-16/crt0ivtbl32.o
                0x0000ffc0                __ivtbl_32
                0x00010000                _vectors_end = .

.fartext        0x00010000        0x0
                0x00010000                . = ALIGN (0x2)
 *(.fartext .fartext.*)

.far.text       0x00010000        0x0
                0x00010000                . = ALIGN (0x2)
 *(.far.text .far.text.*)

.far.rodata     0x00010000        0x0
                0x00010000                . = ALIGN (0x2)
 *(.far.rodata .far.rodata.*)
                0x00010000                . = ALIGN (0x2)
                0x00010000                _efartext = .

.far.data       0x00000000        0x0 load address 0x00010000
                0x00000000                . = ALIGN (0x2)
                0x00000000                __far_data_start = .
 *(.far.data .far.data.*)
                0x00000000                . = ALIGN (0x2)
                0x00000000                _efardata = .
                0x00010000                __far_data_load_start = LOADADDR (.far.data)
                0x00000000                __far_data_size = SIZEOF (.far.data)

.far.bss        0x00000000        0x0 load address 0x00010000
                0x00000000                . = ALIGN (0x2)
                0x00000000                __far_bss_start = .
 *(.far.bss .far.bss.*)
                0x00000000                . = ALIGN (0x2)
                0x00000000                __far_bss_end = .
                0x00000000                __far_bss_size = SIZEOF (.far.bss)
                0x00000000                . = ALIGN (0x2)
                0x00000000                _far_end = .

.profiler
 *(.profiler)

.stab
 *(.stab)

.stabstr
 *(.stabstr)

.stab.excl
 *(.stab.excl)

.stab.exclstr
 *(.stab.exclstr)

.stab.index
 *(.stab.index)

.stab.indexstr
 *(.stab.indexstr)

.comment        0x00000000       0x30
 *(.comment)
 .comment       0x00000000       0x30 sensor_root.co
                                 0x31 (size before relaxing)
 .comment       0x00000000       0x31 obj_z1/message.o
 .comment       0x00000000       0x31 obj_z1/node.o
 .comment       0x00000000       0x31 obj_z1/contiki-z1-main.o
 .comment       0x00000000       0x31 contiki-z1.a(rimeaddr.o)
 .comment       0x00000000       0x31 contiki-z1.a(rime.o)
 .comment       0x00000000       0x31 contiki-z1.a(rimestats.o)
 .comment       0x00000000       0x31 contiki-z1.a(announcement.o)
 .comment       0x00000000       0x31 contiki-z1.a(broadcast-annou)
 .comment       0x00000000       0x31 contiki-z1.a(broadcast.o)
 .comment       0x00000000       0x31 contiki-z1.a(runicast.o)
 .comment       0x00000000       0x31 contiki-z1.a(abc.o)
 .comment       0x00000000       0x31 contiki-z1.a(chameleon.o)
 .comment       0x00000000       0x31 contiki-z1.a(channel.o)
 .comment       0x00000000       0x31 contiki-z1.a(chameleon-bitop)
 .comment       0x00000000       0x31 contiki-z1.a(csma.o)
 .comment       0x00000000       0x31 contiki-z1.a(contikimac.o)
 .comment       0x00000000       0x31 contiki-z1.a(phase.o)
 .comment       0x00000000       0x31 contiki-z1.a(process.o)
 .comment       0x00000000       0x31 contiki-z1.a(autostart.o)
 .comment       0x00000000       0x31 contiki-z1.a(compower.o)
 .comment       0x00000000       0x31 contiki-z1.a(serial-line.o)
 .comment       0x00000000       0x31 contiki-z1.a(memb.o)
 .comment       0x00000000       0x31 contiki-z1.a(timer.o)
 .comment       0x00000000       0x31 contiki-z1.a(list.o)
 .comment       0x00000000       0x31 contiki-z1.a(etimer.o)
 .comment       0x00000000       0x31 contiki-z1.a(ctimer.o)
 .comment       0x00000000       0x31 contiki-z1.a(energest.o)
 .comment       0x00000000       0x31 contiki-z1.a(rtimer.o)
 .comment       0x00000000       0x31 contiki-z1.a(random.o)
 .comment       0x00000000       0x31 contiki-z1.a(ringbuf.o)
 .comment       0x00000000       0x31 contiki-z1.a(nbr-table.o)
 .comment       0x00000000       0x31 contiki-z1.a(packetbuf.o)
 .comment       0x00000000       0x31 contiki-z1.a(queuebuf.o)
 .comment       0x00000000       0x31 contiki-z1.a(contiki-z1-plat)
 .comment       0x00000000       0x31 contiki-z1.a(msp430.o)
 .comment       0x00000000       0x31 contiki-z1.a(leds.o)
 .comment       0x00000000       0x31 contiki-z1.a(watchdog.o)
 .comment       0x00000000       0x31 contiki-z1.a(xmem.o)
 .comment       0x00000000       0x31 contiki-z1.a(spi.o)
 .comment       0x00000000       0x31 contiki-z1.a(cc2420.o)
 .comment       0x00000000       0x31 contiki-z1.a(cc2420-arch.o)
 .comment       0x00000000       0x31 contiki-z1.a(node-id.o)
 .comment       0x00000000       0x31 contiki-z1.a(sensors.o)
 .comment       0x00000000       0x31 contiki-z1.a(button-sensor.o)
 .comment       0x00000000       0x31 contiki-z1.a(uart0.o)
 .comment       0x00000000       0x31 contiki-z1.a(uart0-putchar.o)
 .comment       0x00000000       0x31 contiki-z1.a(adxl345.o)
 .comment       0x00000000       0x31 contiki-z1.a(clock.o)
 .comment       0x00000000       0x31 contiki-z1.a(leds-arch.o)
 .comment       0x00000000       0x31 contiki-z1.a(rtimer-arch.o)
 .comment       0x00000000       0x31 contiki-z1.a(stunicast.o)
 .comment       0x00000000       0x31 contiki-z1.a(mac.o)
 .comment       0x00000000       0x31 contiki-z1.a(framer-802154.o)
 .comment       0x00000000       0x31 contiki-z1.a(i2cmaster.o)
 .comment       0x00000000       0x31 contiki-z1.a(unicast.o)
 .comment       0x00000000       0x31 contiki-z1.a(frame802154.o)
 .comment       0x00000000       0x31 /usr/local/msp430/bin/../lib/gcc/msp430/4.7.0/../../../../msp430/lib/mcpu-430x/mmpy-16/libc.a(malloc.o)
 .comment       0x00000000       0x31 /usr/local/msp430/bin/../lib/gcc/msp430/4.7.0/../../../../msp430/lib/mcpu-430x/mmpy-16/libc.a(printf.o)
 .comment       0x00000000       0x31 /usr/local/msp430/bin/../lib/gcc/msp430/4.7.0/../../../../msp430/lib/mcpu-430x/mmpy-16/libc.a(vuprintf.o)
 .comment       0x00000000       0x31 /usr/local/msp430/bin/../lib/gcc/msp430/4.7.0/../../../../msp430/lib/mcpu-430x/mmpy-16/libc.a(puts.o)
 .comment       0x00000000       0x31 /usr/local/msp430/bin/../lib/gcc/msp430/4.7.0/../../../../msp430/lib/mcpu-430x/mmpy-16/libc.a(rand.o)
 .comment       0x00000000       0x31 /usr/local/msp430/bin/../lib/gcc/msp430/4.7.0/../../../../msp430/lib/mcpu-430x/mmpy-16/libc.a(strncmp.o)
 .comment       0x00000000       0x31 /usr/local/msp430/bin/../lib/gcc/msp430/4.7.0/../../../../msp430/lib/mcpu-430x/mmpy-16/libc.a(memcmp.o)
 .comment       0x00000000       0x31 /usr/local/msp430/bin/../lib/gcc/msp430/4.7.0/../../../../msp430/lib/mcpu-430x/mmpy-16/libc.a(memcpy.o)
 .comment       0x00000000       0x31 /usr/local/msp430/bin/../lib/gcc/msp430/4.7.0/../../../../msp430/lib/mcpu-430x/mmpy-16/libc.a(memset.o)
 .comment       0x00000000       0x31 /usr/local/msp430/bin/../lib/gcc/msp430/4.7.0/../../../../msp430/lib/mcpu-430x/mmpy-16/libc.a(time.o)

.debug
 *(.debug)

.line
 *(.line)

.debug_srcinfo
 *(.debug_srcinfo)

.debug_sfnames
 *(.debug_sfnames)

.debug_aranges  0x00000000      0x2e8
 *(.debug_aranges)
 .debug_aranges
                0x00000000       0x20 /usr/local/msp430/bin/../lib/gcc/msp430/4.7.0/mcpu-430x/mmpy-16/crt0ivtbl32.o
 .debug_aranges
                0x00000020       0x20 /usr/local/msp430/bin/../lib/gcc/msp430/4.7.0/mcpu-430x/mmpy-16/libgcc.a(_mulsi3.o)
 .debug_aranges
                0x00000040       0x20 /usr/local/msp430/bin/../lib/gcc/msp430/4.7.0/mcpu-430x/mmpy-16/libgcc.a(_udivmod16.o)
 .debug_aranges
                0x00000060       0x20 /usr/local/msp430/bin/../lib/gcc/msp430/4.7.0/mcpu-430x/mmpy-16/libgcc.a(_divmod16.o)
 .debug_aranges
                0x00000080       0x20 /usr/local/msp430/bin/../lib/gcc/msp430/4.7.0/mcpu-430x/mmpy-16/libgcc.a(_udivmod32.o)
 .debug_aranges
                0x000000a0       0x28 /usr/local/msp430/bin/../lib/gcc/msp430/4.7.0/../../../../msp430/lib/mcpu-430x/mmpy-16/libc.a(malloc.o)
 .debug_aranges
                0x000000c8       0x28 /usr/local/msp430/bin/../lib/gcc/msp430/4.7.0/../../../../msp430/lib/mcpu-430x/mmpy-16/libc.a(printf.o)
 .debug_aranges
                0x000000f0       0x28 /usr/local/msp430/bin/../lib/gcc/msp430/4.7.0/../../../../msp430/lib/mcpu-430x/mmpy-16/libc.a(vuprintf.o)
 .debug_aranges
                0x00000118       0x20 /usr/local/msp430/bin/../lib/gcc/msp430/4.7.0/../../../../msp430/lib/mcpu-430x/mmpy-16/libc.a(puts.o)
 .debug_aranges
                0x00000138       0x30 /usr/local/msp430/bin/../lib/gcc/msp430/4.7.0/../../../../msp430/lib/mcpu-430x/mmpy-16/libc.a(rand.o)
 .debug_aranges
                0x00000168       0x20 /usr/local/msp430/bin/../lib/gcc/msp430/4.7.0/../../../../msp430/lib/mcpu-430x/mmpy-16/libc.a(strncmp.o)
 .debug_aranges
                0x00000188       0x20 /usr/local/msp430/bin/../lib/gcc/msp430/4.7.0/../../../../msp430/lib/mcpu-430x/mmpy-16/libc.a(memcmp.o)
 .debug_aranges
                0x000001a8       0x20 /usr/local/msp430/bin/../lib/gcc/msp430/4.7.0/../../../../msp430/lib/mcpu-430x/mmpy-16/libc.a(memcpy.o)
 .debug_aranges
                0x000001c8       0x20 /usr/local/msp430/bin/../lib/gcc/msp430/4.7.0/../../../../msp430/lib/mcpu-430x/mmpy-16/libc.a(memset.o)
 .debug_aranges
                0x000001e8       0x20 /usr/local/msp430/bin/../lib/gcc/msp430/4.7.0/../../../../msp430/lib/mcpu-430x/mmpy-16/libc.a(time.o)
 .debug_aranges
                0x00000208       0x20 /usr/local/msp430/bin/../lib/gcc/msp430/4.7.0/mcpu-430x/mmpy-16/libgcc.a(_udivmod64.o)
 .debug_aranges
                0x00000228       0x20 /usr/local/msp430/bin/../lib/gcc/msp430/4.7.0/mcpu-430x/mmpy-16/libcrt0.a(__watchdog_support.o)
 .debug_aranges
                0x00000248       0x20 /usr/local/msp430/bin/../lib/gcc/msp430/4.7.0/mcpu-430x/mmpy-16/libcrt0.a(__init_stack.o)
 .debug_aranges
                0x00000268       0x20 /usr/local/msp430/bin/../lib/gcc/msp430/4.7.0/mcpu-430x/mmpy-16/libcrt0.a(_copy_data.o)
 .debug_aranges
                0x00000288       0x20 /usr/local/msp430/bin/../lib/gcc/msp430/4.7.0/mcpu-430x/mmpy-16/libcrt0.a(_clear_bss.o)
 .debug_aranges
                0x000002a8       0x20 /usr/local/msp430/bin/../lib/gcc/msp430/4.7.0/mcpu-430x/mmpy-16/libcrt0.a(_endless_loop__.o)
 .debug_aranges
                0x000002c8       0x20 /usr/local/msp430/bin/../lib/gcc/msp430/4.7.0/mcpu-430x/mmpy-16/libcrt0.a(_unexpected_.o)

.debug_pubnames
 *(.debug_pubnames)

.debug_info     0x00000000     0x1918
 *(.debug_info)
 .debug_info    0x00000000       0xac /usr/local/msp430/bin/../lib/gcc/msp430/4.7.0/mcpu-430x/mmpy-16/crt0ivtbl32.o
 .debug_info    0x000000ac       0xa9 /usr/local/msp430/bin/../lib/gcc/msp430/4.7.0/mcpu-430x/mmpy-16/libgcc.a(_mulsi3.o)
 .debug_info    0x00000155       0xa9 /usr/local/msp430/bin/../lib/gcc/msp430/4.7.0/mcpu-430x/mmpy-16/libgcc.a(_udivmod16.o)
 .debug_info    0x000001fe       0xa9 /usr/local/msp430/bin/../lib/gcc/msp430/4.7.0/mcpu-430x/mmpy-16/libgcc.a(_divmod16.o)
 .debug_info    0x000002a7       0xa9 /usr/local/msp430/bin/../lib/gcc/msp430/4.7.0/mcpu-430x/mmpy-16/libgcc.a(_udivmod32.o)
 .debug_info    0x00000350      0x185 /usr/local/msp430/bin/../lib/gcc/msp430/4.7.0/../../../../msp430/lib/mcpu-430x/mmpy-16/libc.a(malloc.o)
 .debug_info    0x000004d5      0x18d /usr/local/msp430/bin/../lib/gcc/msp430/4.7.0/../../../../msp430/lib/mcpu-430x/mmpy-16/libc.a(printf.o)
 .debug_info    0x00000662      0x66d /usr/local/msp430/bin/../lib/gcc/msp430/4.7.0/../../../../msp430/lib/mcpu-430x/mmpy-16/libc.a(vuprintf.o)
 .debug_info    0x00000ccf       0xe1 /usr/local/msp430/bin/../lib/gcc/msp430/4.7.0/../../../../msp430/lib/mcpu-430x/mmpy-16/libc.a(puts.o)
 .debug_info    0x00000db0      0x172 /usr/local/msp430/bin/../lib/gcc/msp430/4.7.0/../../../../msp430/lib/mcpu-430x/mmpy-16/libc.a(rand.o)
 .debug_info    0x00000f22       0xd8 /usr/local/msp430/bin/../lib/gcc/msp430/4.7.0/../../../../msp430/lib/mcpu-430x/mmpy-16/libc.a(strncmp.o)
 .debug_info    0x00000ffa       0xff /usr/local/msp430/bin/../lib/gcc/msp430/4.7.0/../../../../msp430/lib/mcpu-430x/mmpy-16/libc.a(memcmp.o)
 .debug_info    0x000010f9      0x144 /usr/local/msp430/bin/../lib/gcc/msp430/4.7.0/../../../../msp430/lib/mcpu-430x/mmpy-16/libc.a(memcpy.o)
 .debug_info    0x0000123d      0x12d /usr/local/msp430/bin/../lib/gcc/msp430/4.7.0/../../../../msp430/lib/mcpu-430x/mmpy-16/libc.a(memset.o)
 .debug_info    0x0000136a      0x11b /usr/local/msp430/bin/../lib/gcc/msp430/4.7.0/../../../../msp430/lib/mcpu-430x/mmpy-16/libc.a(time.o)
 .debug_info    0x00001485       0xa9 /usr/local/msp430/bin/../lib/gcc/msp430/4.7.0/mcpu-430x/mmpy-16/libgcc.a(_udivmod64.o)
 .debug_info    0x0000152e       0xa7 /usr/local/msp430/bin/../lib/gcc/msp430/4.7.0/mcpu-430x/mmpy-16/libcrt0.a(__watchdog_support.o)
 .debug_info    0x000015d5       0xa7 /usr/local/msp430/bin/../lib/gcc/msp430/4.7.0/mcpu-430x/mmpy-16/libcrt0.a(__init_stack.o)
 .debug_info    0x0000167c       0xa7 /usr/local/msp430/bin/../lib/gcc/msp430/4.7.0/mcpu-430x/mmpy-16/libcrt0.a(_copy_data.o)
 .debug_info    0x00001723       0xa7 /usr/local/msp430/bin/../lib/gcc/msp430/4.7.0/mcpu-430x/mmpy-16/libcrt0.a(_clear_bss.o)
 .debug_info    0x000017ca       0xa7 /usr/local/msp430/bin/../lib/gcc/msp430/4.7.0/mcpu-430x/mmpy-16/libcrt0.a(_endless_loop__.o)
 .debug_info    0x00001871       0xa7 /usr/local/msp430/bin/../lib/gcc/msp430/4.7.0/mcpu-430x/mmpy-16/libcrt0.a(_unexpected_.o)
 *(.gnu.linkonce.wi.*)

.debug_abbrev   0x00000000      0x9fb
 *(.debug_abbrev)
 .debug_abbrev  0x00000000       0x14 /usr/local/msp430/bin/../lib/gcc/msp430/4.7.0/mcpu-430x/mmpy-16/crt0ivtbl32.o
 .debug_abbrev  0x00000014       0x14 /usr/local/msp430/bin/../lib/gcc/msp430/4.7.0/mcpu-430x/mmpy-16/libgcc.a(_mulsi3.o)
 .debug_abbrev  0x00000028       0x14 /usr/local/msp430/bin/../lib/gcc/msp430/4.7.0/mcpu-430x/mmpy-16/libgcc.a(_udivmod16.o)
 .debug_abbrev  0x0000003c       0x14 /usr/local/msp430/bin/../lib/gcc/msp430/4.7.0/mcpu-430x/mmpy-16/libgcc.a(_divmod16.o)
 .debug_abbrev  0x00000050       0x14 /usr/local/msp430/bin/../lib/gcc/msp430/4.7.0/mcpu-430x/mmpy-16/libgcc.a(_udivmod32.o)
 .debug_abbrev  0x00000064      0x10c /usr/local/msp430/bin/../lib/gcc/msp430/4.7.0/../../../../msp430/lib/mcpu-430x/mmpy-16/libc.a(malloc.o)
 .debug_abbrev  0x00000170       0xfa /usr/local/msp430/bin/../lib/gcc/msp430/4.7.0/../../../../msp430/lib/mcpu-430x/mmpy-16/libc.a(printf.o)
 .debug_abbrev  0x0000026a      0x23e /usr/local/msp430/bin/../lib/gcc/msp430/4.7.0/../../../../msp430/lib/mcpu-430x/mmpy-16/libc.a(vuprintf.o)
 .debug_abbrev  0x000004a8       0xa3 /usr/local/msp430/bin/../lib/gcc/msp430/4.7.0/../../../../msp430/lib/mcpu-430x/mmpy-16/libc.a(puts.o)
 .debug_abbrev  0x0000054b       0xfb /usr/local/msp430/bin/../lib/gcc/msp430/4.7.0/../../../../msp430/lib/mcpu-430x/mmpy-16/libc.a(rand.o)
 .debug_abbrev  0x00000646       0x72 /usr/local/msp430/bin/../lib/gcc/msp430/4.7.0/../../../../msp430/lib/mcpu-430x/mmpy-16/libc.a(strncmp.o)
 .debug_abbrev  0x000006b8       0x9e /usr/local/msp430/bin/../lib/gcc/msp430/4.7.0/../../../../msp430/lib/mcpu-430x/mmpy-16/libc.a(memcmp.o)
 .debug_abbrev  0x00000756       0xab /usr/local/msp430/bin/../lib/gcc/msp430/4.7.0/../../../../msp430/lib/mcpu-430x/mmpy-16/libc.a(memcpy.o)
 .debug_abbrev  0x00000801       0xa1 /usr/local/msp430/bin/../lib/gcc/msp430/4.7.0/../../../../msp430/lib/mcpu-430x/mmpy-16/libc.a(memset.o)
 .debug_abbrev  0x000008a2       0xcd /usr/local/msp430/bin/../lib/gcc/msp430/4.7.0/../../../../msp430/lib/mcpu-430x/mmpy-16/libc.a(time.o)
 .debug_abbrev  0x0000096f       0x14 /usr/local/msp430/bin/../lib/gcc/msp430/4.7.0/mcpu-430x/mmpy-16/libgcc.a(_udivmod64.o)
 .debug_abbrev  0x00000983       0x14 /usr/local/msp430/bin/../lib/gcc/msp430/4.7.0/mcpu-430x/mmpy-16/libcrt0.a(__watchdog_support.o)
 .debug_abbrev  0x00000997       0x14 /usr/local/msp430/bin/../lib/gcc/msp430/4.7.0/mcpu-430x/mmpy-16/libcrt0.a(__init_stack.o)
 .debug_abbrev  0x000009ab       0x14 /usr/local/msp430/bin/../lib/gcc/msp430/4.7.0/mcpu-430x/mmpy-16/libcrt0.a(_copy_data.o)
 .debug_abbrev  0x000009bf       0x14 /usr/local/msp430/bin/../lib/gcc/msp430/4.7.0/mcpu-430x/mmpy-16/libcrt0.a(_clear_bss.o)
 .debug_abbrev  0x000009d3       0x14 /usr/local/msp430/bin/../lib/gcc/msp430/4.7.0/mcpu-430x/mmpy-16/libcrt0.a(_endless_loop__.o)
 .debug_abbrev  0x000009e7       0x14 /usr/local/msp430/bin/../lib/gcc/msp430/4.7.0/mcpu-430x/mmpy-16/libcrt0.a(_unexpected_.o)

.debug_line     0x00000000      0xeef
 *(.debug_line)
 .debug_line    0x00000000       0x69 /usr/local/msp430/bin/../lib/gcc/msp430/4.7.0/mcpu-430x/mmpy-16/crt0ivtbl32.o
 .debug_line    0x00000069       0x79 /usr/local/msp430/bin/../lib/gcc/msp430/4.7.0/mcpu-430x/mmpy-16/libgcc.a(_mulsi3.o)
 .debug_line    0x000000e2       0x75 /usr/local/msp430/bin/../lib/gcc/msp430/4.7.0/mcpu-430x/mmpy-16/libgcc.a(_udivmod16.o)
 .debug_line    0x00000157       0x80 /usr/local/msp430/bin/../lib/gcc/msp430/4.7.0/mcpu-430x/mmpy-16/libgcc.a(_divmod16.o)
 .debug_line    0x000001d7       0x80 /usr/local/msp430/bin/../lib/gcc/msp430/4.7.0/mcpu-430x/mmpy-16/libgcc.a(_udivmod32.o)
 .debug_line    0x00000257       0xf2 /usr/local/msp430/bin/../lib/gcc/msp430/4.7.0/../../../../msp430/lib/mcpu-430x/mmpy-16/libc.a(malloc.o)
 .debug_line    0x00000349       0xad /usr/local/msp430/bin/../lib/gcc/msp430/4.7.0/../../../../msp430/lib/mcpu-430x/mmpy-16/libc.a(printf.o)
 .debug_line    0x000003f6      0x35d /usr/local/msp430/bin/../lib/gcc/msp430/4.7.0/../../../../msp430/lib/mcpu-430x/mmpy-16/libc.a(vuprintf.o)
 .debug_line    0x00000753       0x67 /usr/local/msp430/bin/../lib/gcc/msp430/4.7.0/../../../../msp430/lib/mcpu-430x/mmpy-16/libc.a(puts.o)
 .debug_line    0x000007ba       0x6e /usr/local/msp430/bin/../lib/gcc/msp430/4.7.0/../../../../msp430/lib/mcpu-430x/mmpy-16/libc.a(rand.o)
 .debug_line    0x00000828       0x91 /usr/local/msp430/bin/../lib/gcc/msp430/4.7.0/../../../../msp430/lib/mcpu-430x/mmpy-16/libc.a(strncmp.o)
 .debug_line    0x000008b9       0x91 /usr/local/msp430/bin/../lib/gcc/msp430/4.7.0/../../../../msp430/lib/mcpu-430x/mmpy-16/libc.a(memcmp.o)
 .debug_line    0x0000094a      0x11a /usr/local/msp430/bin/../lib/gcc/msp430/4.7.0/../../../../msp430/lib/mcpu-430x/mmpy-16/libc.a(memcpy.o)
 .debug_line    0x00000a64       0xf4 /usr/local/msp430/bin/../lib/gcc/msp430/4.7.0/../../../../msp430/lib/mcpu-430x/mmpy-16/libc.a(memset.o)
 .debug_line    0x00000b58       0x7a /usr/local/msp430/bin/../lib/gcc/msp430/4.7.0/../../../../msp430/lib/mcpu-430x/mmpy-16/libc.a(time.o)
 .debug_line    0x00000bd2       0xb0 /usr/local/msp430/bin/../lib/gcc/msp430/4.7.0/mcpu-430x/mmpy-16/libgcc.a(_udivmod64.o)
 .debug_line    0x00000c82       0x67 /usr/local/msp430/bin/../lib/gcc/msp430/4.7.0/mcpu-430x/mmpy-16/libcrt0.a(__watchdog_support.o)
 .debug_line    0x00000ce9       0x65 /usr/local/msp430/bin/../lib/gcc/msp430/4.7.0/mcpu-430x/mmpy-16/libcrt0.a(__init_stack.o)
 .debug_line    0x00000d4e       0x6b /usr/local/msp430/bin/../lib/gcc/msp430/4.7.0/mcpu-430x/mmpy-16/libcrt0.a(_copy_data.o)
 .debug_line    0x00000db9       0x6b /usr/local/msp430/bin/../lib/gcc/msp430/4.7.0/mcpu-430x/mmpy-16/libcrt0.a(_clear_bss.o)
 .debug_line    0x00000e24       0x66 /usr/local/msp430/bin/../lib/gcc/msp430/4.7.0/mcpu-430x/mmpy-16/libcrt0.a(_endless_loop__.o)
 .debug_line    0x00000e8a       0x65 /usr/local/msp430/bin/../lib/gcc/msp430/4.7.0/mcpu-430x/mmpy-16/libcrt0.a(_unexpected_.o)

.debug_frame    0x00000000      0x254
 *(.debug_frame)
 .debug_frame   0x00000000       0x40 /usr/local/msp430/bin/../lib/gcc/msp430/4.7.0/../../../../msp430/lib/mcpu-430x/mmpy-16/libc.a(malloc.o)
 .debug_frame   0x00000040       0x34 /usr/local/msp430/bin/../lib/gcc/msp430/4.7.0/../../../../msp430/lib/mcpu-430x/mmpy-16/libc.a(printf.o)
 .debug_frame   0x00000074       0x84 /usr/local/msp430/bin/../lib/gcc/msp430/4.7.0/../../../../msp430/lib/mcpu-430x/mmpy-16/libc.a(vuprintf.o)
 .debug_frame   0x000000f8       0x2c /usr/local/msp430/bin/../lib/gcc/msp430/4.7.0/../../../../msp430/lib/mcpu-430x/mmpy-16/libc.a(puts.o)
 .debug_frame   0x00000124       0x4c /usr/local/msp430/bin/../lib/gcc/msp430/4.7.0/../../../../msp430/lib/mcpu-430x/mmpy-16/libc.a(rand.o)
 .debug_frame   0x00000170       0x2c /usr/local/msp430/bin/../lib/gcc/msp430/4.7.0/../../../../msp430/lib/mcpu-430x/mmpy-16/libc.a(strncmp.o)
 .debug_frame   0x0000019c       0x2c /usr/local/msp430/bin/../lib/gcc/msp430/4.7.0/../../../../msp430/lib/mcpu-430x/mmpy-16/libc.a(memcmp.o)
 .debug_frame   0x000001c8       0x30 /usr/local/msp430/bin/../lib/gcc/msp430/4.7.0/../../../../msp430/lib/mcpu-430x/mmpy-16/libc.a(memcpy.o)
 .debug_frame   0x000001f8       0x30 /usr/local/msp430/bin/../lib/gcc/msp430/4.7.0/../../../../msp430/lib/mcpu-430x/mmpy-16/libc.a(memset.o)
 .debug_frame   0x00000228       0x2c /usr/local/msp430/bin/../lib/gcc/msp430/4.7.0/../../../../msp430/lib/mcpu-430x/mmpy-16/libc.a(time.o)

.debug_str      0x00000000      0x4b4
 *(.debug_str)
 .debug_str     0x00000000      0x112 /usr/local/msp430/bin/../lib/gcc/msp430/4.7.0/../../../../msp430/lib/mcpu-430x/mmpy-16/libc.a(malloc.o)
                                0x161 (size before relaxing)
 .debug_str     0x00000112       0x49 /usr/local/msp430/bin/../lib/gcc/msp430/4.7.0/../../../../msp430/lib/mcpu-430x/mmpy-16/libc.a(printf.o)
                                0x147 (size before relaxing)
 .debug_str     0x0000015b      0x22b /usr/local/msp430/bin/../lib/gcc/msp430/4.7.0/../../../../msp430/lib/mcpu-430x/mmpy-16/libc.a(vuprintf.o)
                                0x3ad (size before relaxing)
 .debug_str     0x00000386       0x1d /usr/local/msp430/bin/../lib/gcc/msp430/4.7.0/../../../../msp430/lib/mcpu-430x/mmpy-16/libc.a(puts.o)
                                0x10c (size before relaxing)
 .debug_str     0x000003a3       0x2a /usr/local/msp430/bin/../lib/gcc/msp430/4.7.0/../../../../msp430/lib/mcpu-430x/mmpy-16/libc.a(rand.o)
                                0x123 (size before relaxing)
 .debug_str     0x000003cd       0x1b /usr/local/msp430/bin/../lib/gcc/msp430/4.7.0/../../../../msp430/lib/mcpu-430x/mmpy-16/libc.a(strncmp.o)
                                0x111 (size before relaxing)
 .debug_str     0x000003e8       0x19 /usr/local/msp430/bin/../lib/gcc/msp430/4.7.0/../../../../msp430/lib/mcpu-430x/mmpy-16/libc.a(memcmp.o)
                                0x10f (size before relaxing)
 .debug_str     0x00000401       0x3e /usr/local/msp430/bin/../lib/gcc/msp430/4.7.0/../../../../msp430/lib/mcpu-430x/mmpy-16/libc.a(memcpy.o)
                                0x13d (size before relaxing)
 .debug_str     0x0000043f       0x26 /usr/local/msp430/bin/../lib/gcc/msp430/4.7.0/../../../../msp430/lib/mcpu-430x/mmpy-16/libc.a(memset.o)
                                0x13b (size before relaxing)
 .debug_str     0x00000465       0x4f /usr/local/msp430/bin/../lib/gcc/msp430/4.7.0/../../../../msp430/lib/mcpu-430x/mmpy-16/libc.a(time.o)
                                 0xf1 (size before relaxing)

.debug_loc      0x00000000     0x1407
 *(.debug_loc)
 .debug_loc     0x00000000      0x166 /usr/local/msp430/bin/../lib/gcc/msp430/4.7.0/../../../../msp430/lib/mcpu-430x/mmpy-16/libc.a(malloc.o)
 .debug_loc     0x00000166       0x78 /usr/local/msp430/bin/../lib/gcc/msp430/4.7.0/../../../../msp430/lib/mcpu-430x/mmpy-16/libc.a(printf.o)
 .debug_loc     0x000001de      0xc38 /usr/local/msp430/bin/../lib/gcc/msp430/4.7.0/../../../../msp430/lib/mcpu-430x/mmpy-16/libc.a(vuprintf.o)
 .debug_loc     0x00000e16       0x3e /usr/local/msp430/bin/../lib/gcc/msp430/4.7.0/../../../../msp430/lib/mcpu-430x/mmpy-16/libc.a(puts.o)
 .debug_loc     0x00000e54       0x78 /usr/local/msp430/bin/../lib/gcc/msp430/4.7.0/../../../../msp430/lib/mcpu-430x/mmpy-16/libc.a(rand.o)
 .debug_loc     0x00000ecc       0x7a /usr/local/msp430/bin/../lib/gcc/msp430/4.7.0/../../../../msp430/lib/mcpu-430x/mmpy-16/libc.a(strncmp.o)
 .debug_loc     0x00000f46       0x6d /usr/local/msp430/bin/../lib/gcc/msp430/4.7.0/../../../../msp430/lib/mcpu-430x/mmpy-16/libc.a(memcmp.o)
 .debug_loc     0x00000fb3      0x2c3 /usr/local/msp430/bin/../lib/gcc/msp430/4.7.0/../../../../msp430/lib/mcpu-430x/mmpy-16/libc.a(memcpy.o)